******************************************************************************
             TMS320C2000 Linker PC v16.9.4                     
******************************************************************************
>> Linked Sun Aug 08 14:27:20 2021

OUTPUT FILE NAME:   <HVPM_Sensorless_2833x.out>
ENTRY POINT SYMBOL: "_c_int00"  address: 0000b97f


MEMORY CONFIGURATION

         name            origin    length      used     unused   attr    fill
----------------------  --------  ---------  --------  --------  ----  --------
PAGE 0:
  BEGIN                 00000000   00000002  00000002  00000000  RWIX
  BOOT_RSVD             00000002   0000004e  00000000  0000004e  RWIX
  RAMM0                 00000050   000003b0  00000000  000003b0  RWIX
  RAML0                 00008000   00001600  000003a2  0000125e  RWIX
  RAML1                 00009600   00003800  000025e3  0000121d  RWIX
  RAML2                 0000ce00   00000100  00000000  00000100  RWIX
  RAML3                 0000d000   00001000  00000000  00001000  RWIX
  ZONE7A                00200000   0000fc00  00000000  0000fc00  RWIX
  CSM_RSVD              0033ff80   00000076  00000000  00000076  RWIX
  CSM_PWL               0033fff8   00000008  00000000  00000008  RWIX
  ADC_CAL               00380080   00000009  00000007  00000002  RWIX
  IQTABLES              003fe000   00000b50  00000000  00000b50  RWIX
  IQTABLES2             003feb50   0000008c  00000000  0000008c  RWIX
  FPUTABLES             003febdc   000006a0  000006a0  00000000  RWIX
  BOOTROM               003ff27c   00000d44  00000000  00000d44  RWIX
  RESET                 003fffc0   00000002  00000000  00000002  RWIX

PAGE 1:
  RAMM1                 00000400   00000400  00000380  00000080  RWIX
  DEV_EMU               00000880   00000180  000000d0  000000b0  RWIX
  FLASH_REGS            00000a80   00000060  00000008  00000058  RWIX
  CSM                   00000ae0   00000010  00000010  00000000  RWIX
  ADC_MIRROR            00000b00   00000010  00000010  00000000  RWIX
  XINTF                 00000b20   00000020  0000001e  00000002  RWIX
  CPU_TIMER0            00000c00   00000008  00000008  00000000  RWIX
  CPU_TIMER1            00000c08   00000008  00000008  00000000  RWIX
  CPU_TIMER2            00000c10   00000008  00000008  00000000  RWIX
  PIE_CTRL              00000ce0   00000020  0000001a  00000006  RWIX
  PIE_VECT              00000d00   00000100  00000100  00000000  RWIX
  DMA                   00001000   00000200  000000e0  00000120  RWIX
  MCBSPA                00005000   00000040  00000025  0000001b  RWIX
  MCBSPB                00005040   00000040  00000025  0000001b  RWIX
  ECANA                 00006000   00000040  00000034  0000000c  RWIX
  ECANA_LAM             00006040   00000040  00000040  00000000  RWIX
  ECANA_MOTS            00006080   00000040  00000040  00000000  RWIX
  ECANA_MOTO            000060c0   00000040  00000040  00000000  RWIX
  ECANA_MBOX            00006100   00000100  00000100  00000000  RWIX
  ECANB                 00006200   00000040  00000034  0000000c  RWIX
  ECANB_LAM             00006240   00000040  00000040  00000000  RWIX
  ECANB_MOTS            00006280   00000040  00000040  00000000  RWIX
  ECANB_MOTO            000062c0   00000040  00000040  00000000  RWIX
  ECANB_MBOX            00006300   00000100  00000100  00000000  RWIX
  EPWM1                 00006800   00000022  00000022  00000000  RWIX
  EPWM2                 00006840   00000022  00000022  00000000  RWIX
  EPWM3                 00006880   00000022  00000022  00000000  RWIX
  EPWM4                 000068c0   00000022  00000022  00000000  RWIX
  EPWM5                 00006900   00000022  00000022  00000000  RWIX
  EPWM6                 00006940   00000022  00000022  00000000  RWIX
  ECAP1                 00006a00   00000020  00000020  00000000  RWIX
  ECAP2                 00006a20   00000020  00000020  00000000  RWIX
  ECAP3                 00006a40   00000020  00000020  00000000  RWIX
  ECAP4                 00006a60   00000020  00000020  00000000  RWIX
  ECAP5                 00006a80   00000020  00000020  00000000  RWIX
  ECAP6                 00006aa0   00000020  00000020  00000000  RWIX
  EQEP1                 00006b00   00000040  00000040  00000000  RWIX
  EQEP2                 00006b40   00000040  00000040  00000000  RWIX
  GPIOCTRL              00006f80   00000040  0000002e  00000012  RWIX
  GPIODAT               00006fc0   00000020  00000020  00000000  RWIX
  GPIOINT               00006fe0   00000020  0000000a  00000016  RWIX
  SYSTEM                00007010   00000020  00000020  00000000  RWIX
  SPIA                  00007040   00000010  00000010  00000000  RWIX
  SCIA                  00007050   00000010  00000010  00000000  RWIX
  XINTRUPT              00007070   00000010  00000010  00000000  RWIX
  ADC                   00007100   00000020  0000001e  00000002  RWIX
  SCIB                  00007750   00000010  00000010  00000000  RWIX
  SCIC                  00007770   00000010  00000010  00000000  RWIX
  I2CA                  00007900   00000040  00000022  0000001e  RWIX
  RAML4                 0000c000   00001000  000006a8  00000958  RWIX
  RAML5                 0000d000   00001000  0000001e  00000fe2  RWIX
  RAML6                 0000e000   00001000  00000800  00000800  RWIX
  RAML7                 0000f000   00001000  00000000  00001000  RWIX
  ZONE7B                0020fc00   00000400  00000000  00000400  RWIX
  CSM_PWL               0033fff8   00000008  00000008  00000000  RWIX
  PARTID                00380090   00000001  00000001  00000000  RWIX


SECTION ALLOCATION MAP

 output                                  attributes/
section   page    origin      length       input sections
--------  ----  ----------  ----------   ----------------
codestart 
*          0    00000000    00000002     
                  00000000    00000002     DSP2833x_CodeStartBranch.obj (codestart)

.cinit     0    00008000    0000039e     
                  00008000    000002eb     HVPM_CCS.obj (.cinit)
                  000082eb    0000008d     arithmetic.obj (.cinit)
                  00008378    0000000e     rts2800_fpu32.lib : exit.obj (.cinit)
                  00008386    00000005                       : _lock.obj (.cinit:__lock)
                  0000838b    00000005                       : _lock.obj (.cinit:__unlock)
                  00008390    00000004     f28335_SCI.obj (.cinit)
                  00008394    00000004     rts2800_fpu32.lib : errno.obj (.cinit)
                  00008398    00000004                       : memory.obj (.cinit)
                  0000839c    00000002     --HOLE-- [fill = 0]

ramfuncs   0    0000839e    00000004     
                  0000839e    00000004     DSP2833x_usDelay.obj (ramfuncs)

.text      0    00009600    000025e3     
                  00009600    00000fc1     arithmetic.obj (.text)
                  0000a5c1    0000071d     HVPM_CCS.obj (.text:retain)
                  0000acde    00000488     HVPM_CCS.obj (.text)
                  0000b166    00000312     matrix.obj (.text)
                  0000b478    000001d2     rts2800_fpu32.lib : memory.obj (.text)
                  0000b64a    000001ce     HVPM_Sensorless-DevInit_F2833x.obj (.text)
                  0000b818    00000110     rts2800_fpu32.lib : e_expf.obj (.text)
                  0000b928    00000057                       : s_floorf.obj (.text)
                  0000b97f    00000056                       : boot28.obj (.text)
                  0000b9d5    0000004f     rts2800_fpu32_fast_supplement.lib : atan2_f32.obj (.text)
                  0000ba24    0000004b     DLOG4CHC.obj (.text)
                  0000ba6f    00000034     rts2800_fpu32_fast_supplement.lib : cos_f32.obj (.text)
                  0000baa3    00000034                                       : sin_f32.obj (.text)
                  0000bad7    00000030     f28335_SCI.obj (.text)
                  0000bb07    00000029     rts2800_fpu32.lib : exit.obj (.text)
                  0000bb30    00000024                       : cpy_tbl.obj (.text)
                  0000bb54    00000021     rts2800_fpu32_fast_supplement.lib : sqrt_f32.obj (.text)
                  0000bb75    0000001e     rts2800_fpu32.lib : memcpy.obj (.text)
                  0000bb93    00000019                       : args_main.obj (.text)
                  0000bbac    00000019     rts2800_fpu32_fast_supplement.lib : div_f32.obj (.text)
                  0000bbc5    0000000a     HVPM_Sensorless-DevInit_F2833x.obj (.text:retain)
                  0000bbcf    00000009     rts2800_fpu32.lib : _lock.obj (.text)
                  0000bbd8    00000008     DSP2833x_CodeStartBranch.obj (.text)
                  0000bbe0    00000002     rts2800_fpu32.lib : pre_init.obj (.text)
                  0000bbe2    00000001                       : startup.obj (.text)

.adc_cal   0    00380080    00000007     NOLOAD SECTION
                  00380080    00000007     DSP2833x_ADC_cal.obj (.adc_cal)

FPUmathTables 
*          0    003febdc    000006a0     NOLOAD SECTION
                  003febdc    000006a0     rts2800_fpu32_fast_supplement.lib : FPUmathTables.obj (FPUmathTables)

.stack     1    00000400    00000380     UNINITIALIZED
                  00000400    00000380     --HOLE--

DevEmuRegsFile 
*          1    00000880    000000d0     UNINITIALIZED
                  00000880    000000d0     DSP2833x_GlobalVariableDefs.obj (DevEmuRegsFile)

FlashRegsFile 
*          1    00000a80    00000008     UNINITIALIZED
                  00000a80    00000008     DSP2833x_GlobalVariableDefs.obj (FlashRegsFile)

CsmRegsFile 
*          1    00000ae0    00000010     UNINITIALIZED
                  00000ae0    00000010     DSP2833x_GlobalVariableDefs.obj (CsmRegsFile)

AdcMirrorFile 
*          1    00000b00    00000010     UNINITIALIZED
                  00000b00    00000010     DSP2833x_GlobalVariableDefs.obj (AdcMirrorFile)

XintfRegsFile 
*          1    00000b20    0000001e     UNINITIALIZED
                  00000b20    0000001e     DSP2833x_GlobalVariableDefs.obj (XintfRegsFile)

CpuTimer0RegsFile 
*          1    00000c00    00000008     UNINITIALIZED
                  00000c00    00000008     DSP2833x_GlobalVariableDefs.obj (CpuTimer0RegsFile)

CpuTimer1RegsFile 
*          1    00000c08    00000008     UNINITIALIZED
                  00000c08    00000008     DSP2833x_GlobalVariableDefs.obj (CpuTimer1RegsFile)

CpuTimer2RegsFile 
*          1    00000c10    00000008     UNINITIALIZED
                  00000c10    00000008     DSP2833x_GlobalVariableDefs.obj (CpuTimer2RegsFile)

PieCtrlRegsFile 
*          1    00000ce0    0000001a     UNINITIALIZED
                  00000ce0    0000001a     DSP2833x_GlobalVariableDefs.obj (PieCtrlRegsFile)

PieVectTableFile 
*          1    00000d00    00000100     UNINITIALIZED
                  00000d00    00000100     DSP2833x_GlobalVariableDefs.obj (PieVectTableFile)

DmaRegsFile 
*          1    00001000    000000e0     UNINITIALIZED
                  00001000    000000e0     DSP2833x_GlobalVariableDefs.obj (DmaRegsFile)

McbspaRegsFile 
*          1    00005000    00000025     UNINITIALIZED
                  00005000    00000025     DSP2833x_GlobalVariableDefs.obj (McbspaRegsFile)

McbspbRegsFile 
*          1    00005040    00000025     UNINITIALIZED
                  00005040    00000025     DSP2833x_GlobalVariableDefs.obj (McbspbRegsFile)

ECanaRegsFile 
*          1    00006000    00000034     UNINITIALIZED
                  00006000    00000034     DSP2833x_GlobalVariableDefs.obj (ECanaRegsFile)

ECanaLAMRegsFile 
*          1    00006040    00000040     UNINITIALIZED
                  00006040    00000040     DSP2833x_GlobalVariableDefs.obj (ECanaLAMRegsFile)

ECanaMOTSRegsFile 
*          1    00006080    00000040     UNINITIALIZED
                  00006080    00000040     DSP2833x_GlobalVariableDefs.obj (ECanaMOTSRegsFile)

ECanaMOTORegsFile 
*          1    000060c0    00000040     UNINITIALIZED
                  000060c0    00000040     DSP2833x_GlobalVariableDefs.obj (ECanaMOTORegsFile)

ECanaMboxesFile 
*          1    00006100    00000100     UNINITIALIZED
                  00006100    00000100     DSP2833x_GlobalVariableDefs.obj (ECanaMboxesFile)

ECanbRegsFile 
*          1    00006200    00000034     UNINITIALIZED
                  00006200    00000034     DSP2833x_GlobalVariableDefs.obj (ECanbRegsFile)

ECanbLAMRegsFile 
*          1    00006240    00000040     UNINITIALIZED
                  00006240    00000040     DSP2833x_GlobalVariableDefs.obj (ECanbLAMRegsFile)

ECanbMOTSRegsFile 
*          1    00006280    00000040     UNINITIALIZED
                  00006280    00000040     DSP2833x_GlobalVariableDefs.obj (ECanbMOTSRegsFile)

ECanbMOTORegsFile 
*          1    000062c0    00000040     UNINITIALIZED
                  000062c0    00000040     DSP2833x_GlobalVariableDefs.obj (ECanbMOTORegsFile)

ECanbMboxesFile 
*          1    00006300    00000100     UNINITIALIZED
                  00006300    00000100     DSP2833x_GlobalVariableDefs.obj (ECanbMboxesFile)

EPwm1RegsFile 
*          1    00006800    00000022     UNINITIALIZED
                  00006800    00000022     DSP2833x_GlobalVariableDefs.obj (EPwm1RegsFile)

EPwm2RegsFile 
*          1    00006840    00000022     UNINITIALIZED
                  00006840    00000022     DSP2833x_GlobalVariableDefs.obj (EPwm2RegsFile)

EPwm3RegsFile 
*          1    00006880    00000022     UNINITIALIZED
                  00006880    00000022     DSP2833x_GlobalVariableDefs.obj (EPwm3RegsFile)

EPwm4RegsFile 
*          1    000068c0    00000022     UNINITIALIZED
                  000068c0    00000022     DSP2833x_GlobalVariableDefs.obj (EPwm4RegsFile)

EPwm5RegsFile 
*          1    00006900    00000022     UNINITIALIZED
                  00006900    00000022     DSP2833x_GlobalVariableDefs.obj (EPwm5RegsFile)

EPwm6RegsFile 
*          1    00006940    00000022     UNINITIALIZED
                  00006940    00000022     DSP2833x_GlobalVariableDefs.obj (EPwm6RegsFile)

ECap1RegsFile 
*          1    00006a00    00000020     UNINITIALIZED
                  00006a00    00000020     DSP2833x_GlobalVariableDefs.obj (ECap1RegsFile)

ECap2RegsFile 
*          1    00006a20    00000020     UNINITIALIZED
                  00006a20    00000020     DSP2833x_GlobalVariableDefs.obj (ECap2RegsFile)

ECap3RegsFile 
*          1    00006a40    00000020     UNINITIALIZED
                  00006a40    00000020     DSP2833x_GlobalVariableDefs.obj (ECap3RegsFile)

ECap4RegsFile 
*          1    00006a60    00000020     UNINITIALIZED
                  00006a60    00000020     DSP2833x_GlobalVariableDefs.obj (ECap4RegsFile)

ECap5RegsFile 
*          1    00006a80    00000020     UNINITIALIZED
                  00006a80    00000020     DSP2833x_GlobalVariableDefs.obj (ECap5RegsFile)

ECap6RegsFile 
*          1    00006aa0    00000020     UNINITIALIZED
                  00006aa0    00000020     DSP2833x_GlobalVariableDefs.obj (ECap6RegsFile)

EQep1RegsFile 
*          1    00006b00    00000040     UNINITIALIZED
                  00006b00    00000040     DSP2833x_GlobalVariableDefs.obj (EQep1RegsFile)

EQep2RegsFile 
*          1    00006b40    00000040     UNINITIALIZED
                  00006b40    00000040     DSP2833x_GlobalVariableDefs.obj (EQep2RegsFile)

GpioCtrlRegsFile 
*          1    00006f80    0000002e     UNINITIALIZED
                  00006f80    0000002e     DSP2833x_GlobalVariableDefs.obj (GpioCtrlRegsFile)

GpioDataRegsFile 
*          1    00006fc0    00000020     UNINITIALIZED
                  00006fc0    00000020     DSP2833x_GlobalVariableDefs.obj (GpioDataRegsFile)

GpioIntRegsFile 
*          1    00006fe0    0000000a     UNINITIALIZED
                  00006fe0    0000000a     DSP2833x_GlobalVariableDefs.obj (GpioIntRegsFile)

SysCtrlRegsFile 
*          1    00007010    00000020     UNINITIALIZED
                  00007010    00000020     DSP2833x_GlobalVariableDefs.obj (SysCtrlRegsFile)

SpiaRegsFile 
*          1    00007040    00000010     UNINITIALIZED
                  00007040    00000010     DSP2833x_GlobalVariableDefs.obj (SpiaRegsFile)

SciaRegsFile 
*          1    00007050    00000010     UNINITIALIZED
                  00007050    00000010     DSP2833x_GlobalVariableDefs.obj (SciaRegsFile)

XIntruptRegsFile 
*          1    00007070    00000010     UNINITIALIZED
                  00007070    00000010     DSP2833x_GlobalVariableDefs.obj (XIntruptRegsFile)

AdcRegsFile 
*          1    00007100    0000001e     UNINITIALIZED
                  00007100    0000001e     DSP2833x_GlobalVariableDefs.obj (AdcRegsFile)

ScibRegsFile 
*          1    00007750    00000010     UNINITIALIZED
                  00007750    00000010     DSP2833x_GlobalVariableDefs.obj (ScibRegsFile)

ScicRegsFile 
*          1    00007770    00000010     UNINITIALIZED
                  00007770    00000010     DSP2833x_GlobalVariableDefs.obj (ScicRegsFile)

I2caRegsFile 
*          1    00007900    00000022     UNINITIALIZED
                  00007900    00000022     DSP2833x_GlobalVariableDefs.obj (I2caRegsFile)

.ebss      1    0000c000    00000388     UNINITIALIZED
                  0000c000    000002a4     HVPM_CCS.obj (.ebss)
                  0000c2a4    00000008     rts2800_fpu32.lib : memory.obj (.ebss)
                  0000c2ac    00000006                       : exit.obj (.ebss)
                  0000c2b2    00000004     f28335_SCI.obj (.ebss)
                  0000c2b6    00000002     rts2800_fpu32.lib : _lock.obj (.ebss:__lock)
                  0000c2b8    00000002                       : _lock.obj (.ebss:__unlock)
                  0000c2ba    00000001                       : errno.obj (.ebss)
                  0000c2bb    00000005     --HOLE--
                  0000c2c0    000000c8     arithmetic.obj (.ebss)

DLOG       1    0000c388    00000320     UNINITIALIZED
                  0000c388    00000320     DLOG4CHC.obj (DLOG)

.econst    1    0000d000    0000001e     
                  0000d000    00000010     rts2800_fpu32.lib : e_expf.obj (.econst)
                  0000d010    00000004                       : e_expf.obj (.econst:_halF)
                  0000d014    00000004                       : e_expf.obj (.econst:_ln2HI)
                  0000d018    00000004                       : e_expf.obj (.econst:_ln2LO)
                  0000d01c    00000002                       : s_floorf.obj (.econst)

.esysmem   1    0000e000    00000800     UNINITIALIZED
                  0000e000    00000001     rts2800_fpu32.lib : memory.obj (.esysmem)
                  0000e001    000007ff     --HOLE--

CsmPwlFile 
*          1    0033fff8    00000008     UNINITIALIZED
                  0033fff8    00000008     DSP2833x_GlobalVariableDefs.obj (CsmPwlFile)

PartIdRegsFile 
*          1    00380090    00000001     UNINITIALIZED
                  00380090    00000001     DSP2833x_GlobalVariableDefs.obj (PartIdRegsFile)

.pinit     0    00008000    00000000     UNINITIALIZED

.reset     0    003fffc0    00000002     DSECT
                  003fffc0    00000002     rts2800_fpu32.lib : boot28.obj (.reset)

csm_rsvd   0    0033ff80    00000000     DSECT

csmpasswds 
*          0    0033fff8    00000000     DSECT

MODULE SUMMARY

       Module                               code   initialized data   uninitialized data
       ------                               ----   ----------------   ------------------
    .\
       HVPM_CCS.obj                         2981   747                676               
       arithmetic.obj                       4033   141                200               
       DSP2833x_GlobalVariableDefs.obj      0      0                  2679              
       DLOG4CHC.obj                         75     0                  800               
       matrix.obj                           786    0                  0                 
       HVPM_Sensorless-DevInit_F2833x.obj   472    0                  0                 
       f28335_SCI.obj                       48     4                  4                 
       DSP2833x_CodeStartBranch.obj         10     0                  0                 
       DSP2833x_ADC_cal.obj                 7      0                  0                 
       DSP2833x_usDelay.obj                 4      0                  0                 
    +--+------------------------------------+------+------------------+--------------------+
       Total:                               8416   892                4359              
                                                                                        
    D:/ti/ccsv7/tools/compiler/ti-cgt-c2000_16.9.4.LTS/lib/rts2800_fpu32.lib
       memory.obj                           466    4                  8                 
       e_expf.obj                           272    28                 0                 
       s_floorf.obj                         87     2                  0                 
       boot28.obj                           86     0                  0                 
       exit.obj                             41     14                 6                 
       cpy_tbl.obj                          36     0                  0                 
       memcpy.obj                           30     0                  0                 
       args_main.obj                        25     0                  0                 
       _lock.obj                            9      10                 4                 
       errno.obj                            0      4                  1                 
       pre_init.obj                         2      0                  0                 
       startup.obj                          1      0                  0                 
    +--+------------------------------------+------+------------------+--------------------+
       Total:                               1055   62                 19                
                                                                                        
    D:/ti/controlSUITE/libs/math/FPUfastRTS/V100/lib/rts2800_fpu32_fast_supplement.lib
       FPUmathTables.obj                    0      1696               0                 
       atan2_f32.obj                        79     0                  0                 
       cos_f32.obj                          52     0                  0                 
       sin_f32.obj                          52     0                  0                 
       sqrt_f32.obj                         33     0                  0                 
       div_f32.obj                          25     0                  0                 
    +--+------------------------------------+------+------------------+--------------------+
       Total:                               241    1696               0                 
                                                                                        
       Heap:                                0      0                  2048              
       Stack:                               0      0                  896               
    +--+------------------------------------+------+------------------+--------------------+
       Grand Total:                         9712   2650               7322              


GLOBAL DATA SYMBOLS: SORTED BY DATA PAGE

address     data page           name
--------    ----------------    ----
00000400      10 (00000400)     __stack

00000880      22 (00000880)     _DevEmuRegs

00000a80      2a (00000a80)     _FlashRegs

00000ae0      2b (00000ac0)     _CsmRegs

00000b00      2c (00000b00)     _AdcMirror
00000b20      2c (00000b00)     _XintfRegs

00000c00      30 (00000c00)     _CpuTimer0Regs
00000c08      30 (00000c00)     _CpuTimer1Regs
00000c10      30 (00000c00)     _CpuTimer2Regs

00000ce0      33 (00000cc0)     _PieCtrlRegs

00000d00      34 (00000d00)     _PieVectTable

00001000      40 (00001000)     _DmaRegs

00005000     140 (00005000)     _McbspaRegs

00005040     141 (00005040)     _McbspbRegs

00006000     180 (00006000)     _ECanaRegs

00006040     181 (00006040)     _ECanaLAMRegs

00006080     182 (00006080)     _ECanaMOTSRegs

000060c0     183 (000060c0)     _ECanaMOTORegs

00006100     184 (00006100)     _ECanaMboxes

00006200     188 (00006200)     _ECanbRegs

00006240     189 (00006240)     _ECanbLAMRegs

00006280     18a (00006280)     _ECanbMOTSRegs

000062c0     18b (000062c0)     _ECanbMOTORegs

00006300     18c (00006300)     _ECanbMboxes

00006800     1a0 (00006800)     _EPwm1Regs

00006840     1a1 (00006840)     _EPwm2Regs

00006880     1a2 (00006880)     _EPwm3Regs

000068c0     1a3 (000068c0)     _EPwm4Regs

00006900     1a4 (00006900)     _EPwm5Regs

00006940     1a5 (00006940)     _EPwm6Regs

00006a00     1a8 (00006a00)     _ECap1Regs
00006a20     1a8 (00006a00)     _ECap2Regs

00006a40     1a9 (00006a40)     _ECap3Regs
00006a60     1a9 (00006a40)     _ECap4Regs

00006a80     1aa (00006a80)     _ECap5Regs
00006aa0     1aa (00006a80)     _ECap6Regs

00006b00     1ac (00006b00)     _EQep1Regs

00006b40     1ad (00006b40)     _EQep2Regs

00006f80     1be (00006f80)     _GpioCtrlRegs

00006fc0     1bf (00006fc0)     _GpioDataRegs
00006fe0     1bf (00006fc0)     _GpioIntRegs

00007010     1c0 (00007000)     _SysCtrlRegs

00007040     1c1 (00007040)     _SpiaRegs
00007050     1c1 (00007040)     _SciaRegs
00007070     1c1 (00007040)     _XIntruptRegs

00007100     1c4 (00007100)     _AdcRegs

00007750     1dd (00007740)     _ScibRegs
00007770     1dd (00007740)     _ScicRegs

00007900     1e4 (00007900)     _I2caRegs

0000c000     300 (0000c000)     _len
0000c003     300 (0000c000)     _SpeedLoopPrescaler
0000c004     300 (0000c000)     _SpeedLoopCount
0000c005     300 (0000c000)     _LockRotorFlag
0000c006     300 (0000c000)     _DlogCh4
0000c007     300 (0000c000)     _EnableFlag
0000c008     300 (0000c000)     _lsw
0000c009     300 (0000c000)     _TripFlagDMC
0000c00a     300 (0000c000)     _OffsetFlag
0000c00b     300 (0000c000)     _BackTicker
0000c00c     300 (0000c000)     _DlogCh2
0000c00d     300 (0000c000)     _DlogCh3
0000c00e     300 (0000c000)     _Init_IFlag
0000c00f     300 (0000c000)     _DlogCh1
0000c010     300 (0000c000)     _SerialCommsTimer
0000c012     300 (0000c000)     _T
0000c014     300 (0000c000)     _IsrTicker
0000c016     300 (0000c000)     _K2
0000c018     300 (0000c000)     _K1
0000c01a     300 (0000c000)     _VqTesting
0000c01c     300 (0000c000)     _offsetB
0000c01e     300 (0000c000)     _offsetA
0000c020     300 (0000c000)     _VdTesting
0000c022     300 (0000c000)     _offsetC
0000c024     300 (0000c000)     _B_Task_Ptr
0000c026     300 (0000c000)     _C_Task_Ptr
0000c028     300 (0000c000)     _Alpha_State_Ptr
0000c02a     300 (0000c000)     _IqRef
0000c02c     300 (0000c000)     _IdRef
0000c02e     300 (0000c000)     _A_Task_Ptr
0000c030     300 (0000c000)     _SpeedRef
0000c032     300 (0000c000)     _udmin
0000c034     300 (0000c000)     _i
0000c036     300 (0000c000)     _uqmin
0000c038     300 (0000c000)     _udmax
0000c03a     300 (0000c000)     _vq
0000c03c     300 (0000c000)     _Ts
0000c03e     300 (0000c000)     _k

0000c040     301 (0000c040)     _vd
0000c042     301 (0000c040)     _uqmax
0000c044     301 (0000c040)     _VTimer1
0000c048     301 (0000c040)     _VTimer2
0000c04c     301 (0000c040)     _VTimer0
0000c050     301 (0000c040)     _eQEP
0000c056     301 (0000c040)     _pwmdac1
0000c05c     301 (0000c040)     _testdata
0000c064     301 (0000c040)     _pwm1
0000c06e     301 (0000c040)     _clarke1

0000c080     302 (0000c080)     _rg1
0000c08c     302 (0000c080)     _park1
0000c09a     302 (0000c080)     _eCAP
0000c0a8     302 (0000c080)     _smo1_const

0000c0c0     303 (0000c0c0)     _ePWM
0000c0ce     303 (0000c0c0)     _ipark1
0000c0dc     303 (0000c0c0)     _rc1
0000c0ec     303 (0000c0c0)     _ACQPS

0000c100     304 (0000c100)     _TrigSel
0000c110     304 (0000c100)     _ChSel
0000c120     304 (0000c100)     _qep1

0000c140     305 (0000c140)     _speed3
0000c152     305 (0000c140)     _svgen1
0000c164     305 (0000c140)     _cmc

0000c180     306 (0000c180)     _speed1
0000c194     306 (0000c180)     _dlog
0000c1aa     306 (0000c180)     _volt1

0000c1c0     307 (0000c1c0)     _pi1_id
0000c1d8     307 (0000c1c0)     _pi_id

0000c200     308 (0000c200)     _pi_spd
0000c218     308 (0000c200)     _pi_iq

0000c240     309 (0000c240)     _pi1_spd
0000c258     309 (0000c240)     _pi1_iq

0000c280     30a (0000c280)     _smo1
0000c2ac     30a (0000c280)     ___TI_enable_exit_profile_output
0000c2ae     30a (0000c280)     ___TI_cleanup_ptr
0000c2b0     30a (0000c280)     ___TI_dtors_ptr
0000c2b2     30a (0000c280)     _sdata
0000c2b3     30a (0000c280)     _n
0000c2b4     30a (0000c280)     _temp
0000c2b6     30a (0000c280)     __lock
0000c2b8     30a (0000c280)     __unlock
0000c2ba     30a (0000c280)     _errno

0000c2c0     30b (0000c2c0)     _Ny
0000c2c1     30b (0000c2c0)     _Nu
0000c2c2     30b (0000c2c0)     _Ac
0000c2c3     30b (0000c2c0)     _Br
0000c2c4     30b (0000c2c0)     _nu
0000c2c5     30b (0000c2c0)     _nx
0000c2c6     30b (0000c2c0)     _Nx
0000c2c7     30b (0000c2c0)     _ny
0000c2c8     30b (0000c2c0)     _Cc
0000c2c9     30b (0000c2c0)     _cnt
0000c2ca     30b (0000c2c0)     _Bc
0000c2cb     30b (0000c2c0)     _Ar
0000c2cc     30b (0000c2c0)     _Cr
0000c2ce     30b (0000c2c0)     _We2_w
0000c2d0     30b (0000c2c0)     _We3_w
0000c2d2     30b (0000c2c0)     _Id3_w
0000c2d4     30b (0000c2c0)     _vq_w
0000c2d6     30b (0000c2c0)     _vd_w
0000c2d8     30b (0000c2c0)     _We_w
0000c2da     30b (0000c2c0)     _iqmax
0000c2dc     30b (0000c2c0)     _R_w
0000c2de     30b (0000c2c0)     _Q_w
0000c2e0     30b (0000c2c0)     _Id2_w
0000c2e2     30b (0000c2c0)     _qmax
0000c2e4     30b (0000c2c0)     _iqmin
0000c2e6     30b (0000c2c0)     _we_old
0000c2e8     30b (0000c2c0)     _Lq
0000c2ea     30b (0000c2c0)     _id_old
0000c2ec     30b (0000c2c0)     _Rs
0000c2ee     30b (0000c2c0)     _iq_old
0000c2f0     30b (0000c2c0)     _Ld
0000c2f2     30b (0000c2c0)     _qlim
0000c2f4     30b (0000c2c0)     _qlim2
0000c2f6     30b (0000c2c0)     _Id_w
0000c2f8     30b (0000c2c0)     _vd_old
0000c2fa     30b (0000c2c0)     _vq_old
0000c2fc     30b (0000c2c0)     _qmin
0000c2fe     30b (0000c2c0)     _dlim

0000c300     30c (0000c300)     _cb
0000c304     30c (0000c300)     _u
0000c308     30c (0000c300)     _C
0000c30c     30c (0000c300)     _ca
0000c310     30c (0000c300)     _Omega
0000c314     30c (0000c300)     _Gamma
0000c318     30c (0000c300)     _X
0000c31c     30c (0000c300)     _Yr
0000c320     30c (0000c300)     _B
0000c324     30c (0000c300)     _cc
0000c328     30c (0000c300)     _eye
0000c32c     30c (0000c300)     _aa
0000c330     30c (0000c300)     _bb
0000c334     30c (0000c300)     _c
0000c338     30c (0000c300)     _A
0000c33c     30c (0000c300)     _a

0000c340     30d (0000c340)     _b
0000c344     30d (0000c340)     _temp5
0000c348     30d (0000c340)     _temp6
0000c34c     30d (0000c340)     _temp3
0000c350     30d (0000c340)     _temp4
0000c354     30d (0000c340)     _u_ol
0000c358     30d (0000c340)     _delta_u
0000c35c     30d (0000c340)     _temp7
0000c360     30d (0000c340)     _temp8
0000c364     30d (0000c340)     _temp2
0000c368     30d (0000c340)     _CAB
0000c36c     30d (0000c340)     _Q
0000c370     30d (0000c340)     _CA
0000c374     30d (0000c340)     _CAA
0000c378     30d (0000c340)     _f
0000c37c     30d (0000c340)     _temp1

0000c380     30e (0000c380)     _R
0000c384     30e (0000c380)     _H

0000e000     380 (0000e000)     __sys_memory

0033fff8    cfff (0033ffc0)     _CsmPwl

00380090    e002 (00380080)     _PartIdRegs

003febdc    ffaf (003febc0)     _FPUsinTable

003fecdc    ffb3 (003fecc0)     _FPUcosTable

003fefdc    ffbf (003fefc0)     _FPUsinTableEnd

003ff0de    ffc3 (003ff0c0)     _FPUatan2HalfPITable
003ff0de    ffc3 (003ff0c0)     _FPUcosTableEnd
003ff0e2    ffc3 (003ff0c0)     _FPUatan2Table

003ff268    ffc9 (003ff240)     _FPUatan2TableEnd


GLOBAL SYMBOLS: SORTED ALPHABETICALLY BY Name 

page  address   name                            
----  -------   ----                            
0     00009600  .text                           
0     0000bb07  C$$EXIT                         
0     0000bbac  FS$$DIV                         
1     0000c338  _A                              
0     0000ad74  _A0                             
0     0000ad69  _A1                             
0     0000ad4c  _A2                             
0     0000ad46  _A3                             
1     0000c0ec  _ACQPS                          
0     00380080  _ADC_cal                        
1     0000c02e  _A_Task_Ptr                     
1     0000c2c2  _Ac                             
1     00000b00  _AdcMirror                      
1     00007100  _AdcRegs                        
1     0000c028  _Alpha_State_Ptr                
1     0000c2cb  _Ar                             
1     0000c320  _B                              
0     0000ad8c  _B0                             
0     0000ad63  _B1                             
0     0000ad40  _B2                             
0     0000ad3a  _B3                             
1     0000c024  _B_Task_Ptr                     
1     0000c00b  _BackTicker                     
1     0000c2ca  _Bc                             
1     0000c2c3  _Br                             
1     0000c308  _C                              
0     0000ada1  _C0                             
0     0000ad52  _C1                             
0     0000ad34  _C2                             
0     0000ad2e  _C3                             
1     0000c370  _CA                             
1     0000c374  _CAA                            
1     0000c368  _CAB                            
1     0000c026  _C_Task_Ptr                     
1     0000c2c8  _Cc                             
1     0000c110  _ChSel                          
1     00000c00  _CpuTimer0Regs                  
1     00000c08  _CpuTimer1Regs                  
1     00000c10  _CpuTimer2Regs                  
1     0000c2cc  _Cr                             
1     0033fff8  _CsmPwl                         
1     00000ae0  _CsmRegs                        
0     0000ba24  _DLOG_4CH_init                  
0     0000ba2f  _DLOG_4CH_update                
0     0000839e  _DSP28x_usDelay                 
1     00000880  _DevEmuRegs                     
0     0000b6b4  _DeviceInit                     
1     0000c00f  _DlogCh1                        
1     0000c00c  _DlogCh2                        
1     0000c00d  _DlogCh3                        
1     0000c006  _DlogCh4                        
1     00001000  _DmaRegs                        
1     00006040  _ECanaLAMRegs                   
1     000060c0  _ECanaMOTORegs                  
1     00006080  _ECanaMOTSRegs                  
1     00006100  _ECanaMboxes                    
1     00006000  _ECanaRegs                      
1     00006240  _ECanbLAMRegs                   
1     000062c0  _ECanbMOTORegs                  
1     00006280  _ECanbMOTSRegs                  
1     00006300  _ECanbMboxes                    
1     00006200  _ECanbRegs                      
1     00006a00  _ECap1Regs                      
1     00006a20  _ECap2Regs                      
1     00006a40  _ECap3Regs                      
1     00006a60  _ECap4Regs                      
1     00006a80  _ECap5Regs                      
1     00006aa0  _ECap6Regs                      
1     00006800  _EPwm1Regs                      
1     00006840  _EPwm2Regs                      
1     00006880  _EPwm3Regs                      
1     000068c0  _EPwm4Regs                      
1     00006900  _EPwm5Regs                      
1     00006940  _EPwm6Regs                      
1     00006b00  _EQep1Regs                      
1     00006b40  _EQep2Regs                      
1     0000c007  _EnableFlag                     
0     003ff0de  _FPUatan2HalfPITable            
0     003ff0e2  _FPUatan2Table                  
0     003ff268  _FPUatan2TableEnd               
0     003fecdc  _FPUcosTable                    
0     003ff0de  _FPUcosTableEnd                 
0     003febdc  _FPUsinTable                    
0     003fefdc  _FPUsinTableEnd                 
1     00000a80  _FlashRegs                      
1     0000c314  _Gamma                          
1     00006f80  _GpioCtrlRegs                   
1     00006fc0  _GpioDataRegs                   
1     00006fe0  _GpioIntRegs                    
1     0000c384  _H                              
0     0000acde  _HVDMC_Protection               
1     00007900  _I2caRegs                       
0     0000bbc5  _ISR_ILLEGAL                    
1     0000c2e0  _Id2_w                          
1     0000c2d2  _Id3_w                          
1     0000c02c  _IdRef                          
1     0000c2f6  _Id_w                           
1     0000c00e  _Init_IFlag                     
1     0000c02a  _IqRef                          
1     0000c014  _IsrTicker                      
1     0000c018  _K1                             
1     0000c016  _K2                             
1     0000c2f0  _Ld                             
1     0000c005  _LockRotorFlag                  
1     0000c2e8  _Lq                             
0     0000a481  _MPC_CCS_Init                   
0     0000a667  _MainISR                        
1     00005000  _McbspaRegs                     
1     00005040  _McbspbRegs                     
0     0000b6a4  _MemCopy                        
1     0000c2c1  _Nu                             
1     0000c2c6  _Nx                             
1     0000c2c0  _Ny                             
1     0000c00a  _OffsetFlag                     
0     0000a5c1  _OffsetISR                      
1     0000c310  _Omega                          
0     0000b682  _PLLset                         
0     00009600  _PMSM_MPC_CCS                   
1     00380090  _PartIdRegs                     
0     0000b663  _PieCntlInit                    
1     00000ce0  _PieCtrlRegs                    
1     00000d00  _PieVectTable                   
0     0000b652  _PieVectTableInit               
1     0000c36c  _Q                              
1     0000c2de  _Q_w                            
1     0000c380  _R                              
1     0000c2dc  _R_w                            
1     0000c2ec  _Rs                             
1     00007050  _SciaRegs                       
1     00007750  _ScibRegs                       
1     00007770  _ScicRegs                       
1     0000c010  _SerialCommsTimer               
1     0000c004  _SpeedLoopCount                 
1     0000c003  _SpeedLoopPrescaler             
1     0000c030  _SpeedRef                       
1     00007040  _SpiaRegs                       
1     00007010  _SysCtrlRegs                    
1     0000c012  _T                              
1     0000c100  _TrigSel                        
1     0000c009  _TripFlagDMC                    
1     0000c03c  _Ts                             
1     0000c04c  _VTimer0                        
1     0000c044  _VTimer1                        
1     0000c048  _VTimer2                        
1     0000c020  _VdTesting                      
1     0000c01a  _VqTesting                      
0     0000b64a  _WDogDisable                    
1     0000c2ce  _We2_w                          
1     0000c2d0  _We3_w                          
1     0000c2d8  _We_w                           
1     0000c318  _X                              
1     00007070  _XIntruptRegs                   
1     00000b20  _XintfRegs                      
1     0000c31c  _Yr                             
1     00000780  __STACK_END                     
abs   00000380  __STACK_SIZE                    
abs   00000800  __SYSMEM_SIZE                   
1     0000c2ae  ___TI_cleanup_ptr               
1     0000c2b0  ___TI_dtors_ptr                 
1     0000c2ac  ___TI_enable_exit_profile_output
abs   ffffffff  ___TI_pprof_out_hndl            
abs   ffffffff  ___TI_prof_data_size            
abs   ffffffff  ___TI_prof_data_start           
abs   ffffffff  ___binit__                      
abs   ffffffff  ___c_args__                     
0     00008000  ___cinit__                      
0     0000bbe3  ___etext__                      
abs   ffffffff  ___pinit__                      
0     00009600  ___text__                       
0     0000bb93  __args_main                     
1     0000c2b6  __lock                          
0     0000bbd7  __nop                           
0     0000bbd3  __register_lock                 
0     0000bbcf  __register_unlock               
1     00000400  __stack                         
1     0000e000  __sys_memory                    
0     0000bbe2  __system_post_cinit             
0     0000bbe0  __system_pre_init               
1     0000c2b8  __unlock                        
1     0000c33c  _a                              
1     0000c32c  _aa                             
0     0000bb07  _abort                          
0     0000b446  _add_matrix                     
0     0000b407  _alloc_matrix                   
0     0000b9d5  _atan2                          
1     0000c340  _b                              
1     0000c330  _bb                             
1     0000c334  _c                              
0     0000b97f  _c_int00                        
1     0000c30c  _ca                             
0     0000b633  _calloc                         
1     0000c300  _cb                             
1     0000c324  _cc                             
0     0000b631  _chkheap                        
1     0000c06e  _clarke1                        
1     0000c164  _cmc                            
1     0000c2c9  _cnt                            
0     0000bb30  _copy_in                        
0     0000b3e6  _copy_matrix                    
0     0000ba6f  _cos                            
1     0000c358  _delta_u                        
0     0000b343  _destructive_invert_matrix      
1     0000c2fe  _dlim                           
1     0000c194  _dlog                           
1     0000c09a  _eCAP                           
1     0000c0c0  _ePWM                           
1     0000c050  _eQEP                           
1     0000c2ba  _errno                          
0     0000bb09  _exit                           
0     0000b818  _exp                            
0     0000b818  _expf                           
1     0000c328  _eye                            
1     0000c378  _f                              
0     0000b928  _floor                          
0     0000b928  _floorf                         
0     0000b478  _free                           
0     0000b613  _free_memory                    
1     0000c034  _i                              
1     0000c2ea  _id_old                         
1     0000c0ce  _ipark1                         
1     0000c2ee  _iq_old                         
1     0000c2da  _iqmax                          
1     0000c2e4  _iqmin                          
1     0000c03e  _k                              
1     0000c000  _len                            
1     0000c008  _lsw                            
0     0000adb6  _main                           
0     0000b4e1  _malloc                         
0     0000b5f1  _max_free                       
0     0000bb75  _memcpy                         
0     0000b4bc  _minit                          
0     0000b2ed  _multiply_by_transpose_matrix   
0     0000b298  _multiply_matrix                
1     0000c2b3  _n                              
1     0000c2c4  _nu                             
1     0000c2c5  _nx                             
1     0000c2c7  _ny                             
1     0000c01e  _offsetA                        
1     0000c01c  _offsetB                        
1     0000c022  _offsetC                        
1     0000c08c  _park1                          
1     0000c1c0  _pi1_id                         
1     0000c258  _pi1_iq                         
1     0000c240  _pi1_spd                        
1     0000c1d8  _pi_id                          
1     0000c218  _pi_iq                          
1     0000c200  _pi_spd                         
1     0000c064  _pwm1                           
1     0000c056  _pwmdac1                        
1     0000c120  _qep1                           
1     0000c2f2  _qlim                           
1     0000c2f4  _qlim2                          
1     0000c2e2  _qmax                           
1     0000c2fc  _qmin                           
1     0000c0dc  _rc1                            
0     0000b53f  _realloc                        
1     0000c080  _rg1                            
0     0000b278  _scale_matrix                   
0     0000b262  _scale_row                      
0     0000baf6  _scib_fifo_init                 
0     0000baf2  _scib_xmit                      
0     0000bad7  _scib_xmit_float                
1     0000c2b2  _sdata                          
0     0000b240  _set_identity_matrix            
0     0000b219  _set_matrix                     
0     0000b1fa  _shear_row                      
0     0000baa3  _sin                            
1     0000c280  _smo1                           
1     0000c0a8  _smo1_const                     
1     0000c180  _speed1                         
1     0000c140  _speed3                         
0     0000bb54  _sqrt                           
0     0000b1d2  _subtract_from_identity_matrix  
0     0000b1a0  _subtract_matrix                
1     0000c152  _svgen1                         
0     0000b190  _swap_rows                      
1     0000c2b4  _temp                           
1     0000c37c  _temp1                          
1     0000c364  _temp2                          
1     0000c34c  _temp3                          
1     0000c350  _temp4                          
1     0000c344  _temp5                          
1     0000c348  _temp6                          
1     0000c35c  _temp7                          
1     0000c360  _temp8                          
1     0000c05c  _testdata                       
0     0000b166  _transpose_matrix               
1     0000c304  _u                              
1     0000c354  _u_ol                           
1     0000c038  _udmax                          
1     0000c032  _udmin                          
1     0000c042  _uqmax                          
1     0000c036  _uqmin                          
1     0000c040  _vd                             
1     0000c2f8  _vd_old                         
1     0000c2d6  _vd_w                           
1     0000c1aa  _volt1                          
1     0000c03a  _vq                             
1     0000c2fa  _vq_old                         
1     0000c2d4  _vq_w                           
1     0000c2e6  _we_old                         
abs   ffffffff  binit                           
0     00008000  cinit                           
0     00000000  code_start                      
0     0000bbe3  etext                           
abs   ffffffff  pinit                           


GLOBAL SYMBOLS: SORTED BY Symbol Address 

page  address   name                            
----  -------   ----                            
0     00000000  code_start                      
0     00008000  ___cinit__                      
0     00008000  cinit                           
0     0000839e  _DSP28x_usDelay                 
0     00009600  .text                           
0     00009600  _PMSM_MPC_CCS                   
0     00009600  ___text__                       
0     0000a481  _MPC_CCS_Init                   
0     0000a5c1  _OffsetISR                      
0     0000a667  _MainISR                        
0     0000acde  _HVDMC_Protection               
0     0000ad2e  _C3                             
0     0000ad34  _C2                             
0     0000ad3a  _B3                             
0     0000ad40  _B2                             
0     0000ad46  _A3                             
0     0000ad4c  _A2                             
0     0000ad52  _C1                             
0     0000ad63  _B1                             
0     0000ad69  _A1                             
0     0000ad74  _A0                             
0     0000ad8c  _B0                             
0     0000ada1  _C0                             
0     0000adb6  _main                           
0     0000b166  _transpose_matrix               
0     0000b190  _swap_rows                      
0     0000b1a0  _subtract_matrix                
0     0000b1d2  _subtract_from_identity_matrix  
0     0000b1fa  _shear_row                      
0     0000b219  _set_matrix                     
0     0000b240  _set_identity_matrix            
0     0000b262  _scale_row                      
0     0000b278  _scale_matrix                   
0     0000b298  _multiply_matrix                
0     0000b2ed  _multiply_by_transpose_matrix   
0     0000b343  _destructive_invert_matrix      
0     0000b3e6  _copy_matrix                    
0     0000b407  _alloc_matrix                   
0     0000b446  _add_matrix                     
0     0000b478  _free                           
0     0000b4bc  _minit                          
0     0000b4e1  _malloc                         
0     0000b53f  _realloc                        
0     0000b5f1  _max_free                       
0     0000b613  _free_memory                    
0     0000b631  _chkheap                        
0     0000b633  _calloc                         
0     0000b64a  _WDogDisable                    
0     0000b652  _PieVectTableInit               
0     0000b663  _PieCntlInit                    
0     0000b682  _PLLset                         
0     0000b6a4  _MemCopy                        
0     0000b6b4  _DeviceInit                     
0     0000b818  _exp                            
0     0000b818  _expf                           
0     0000b928  _floor                          
0     0000b928  _floorf                         
0     0000b97f  _c_int00                        
0     0000b9d5  _atan2                          
0     0000ba24  _DLOG_4CH_init                  
0     0000ba2f  _DLOG_4CH_update                
0     0000ba6f  _cos                            
0     0000baa3  _sin                            
0     0000bad7  _scib_xmit_float                
0     0000baf2  _scib_xmit                      
0     0000baf6  _scib_fifo_init                 
0     0000bb07  C$$EXIT                         
0     0000bb07  _abort                          
0     0000bb09  _exit                           
0     0000bb30  _copy_in                        
0     0000bb54  _sqrt                           
0     0000bb75  _memcpy                         
0     0000bb93  __args_main                     
0     0000bbac  FS$$DIV                         
0     0000bbc5  _ISR_ILLEGAL                    
0     0000bbcf  __register_unlock               
0     0000bbd3  __register_lock                 
0     0000bbd7  __nop                           
0     0000bbe0  __system_pre_init               
0     0000bbe2  __system_post_cinit             
0     0000bbe3  ___etext__                      
0     0000bbe3  etext                           
0     00380080  _ADC_cal                        
0     003febdc  _FPUsinTable                    
0     003fecdc  _FPUcosTable                    
0     003fefdc  _FPUsinTableEnd                 
0     003ff0de  _FPUatan2HalfPITable            
0     003ff0de  _FPUcosTableEnd                 
0     003ff0e2  _FPUatan2Table                  
0     003ff268  _FPUatan2TableEnd               
1     00000400  __stack                         
1     00000780  __STACK_END                     
1     00000880  _DevEmuRegs                     
1     00000a80  _FlashRegs                      
1     00000ae0  _CsmRegs                        
1     00000b00  _AdcMirror                      
1     00000b20  _XintfRegs                      
1     00000c00  _CpuTimer0Regs                  
1     00000c08  _CpuTimer1Regs                  
1     00000c10  _CpuTimer2Regs                  
1     00000ce0  _PieCtrlRegs                    
1     00000d00  _PieVectTable                   
1     00001000  _DmaRegs                        
1     00005000  _McbspaRegs                     
1     00005040  _McbspbRegs                     
1     00006000  _ECanaRegs                      
1     00006040  _ECanaLAMRegs                   
1     00006080  _ECanaMOTSRegs                  
1     000060c0  _ECanaMOTORegs                  
1     00006100  _ECanaMboxes                    
1     00006200  _ECanbRegs                      
1     00006240  _ECanbLAMRegs                   
1     00006280  _ECanbMOTSRegs                  
1     000062c0  _ECanbMOTORegs                  
1     00006300  _ECanbMboxes                    
1     00006800  _EPwm1Regs                      
1     00006840  _EPwm2Regs                      
1     00006880  _EPwm3Regs                      
1     000068c0  _EPwm4Regs                      
1     00006900  _EPwm5Regs                      
1     00006940  _EPwm6Regs                      
1     00006a00  _ECap1Regs                      
1     00006a20  _ECap2Regs                      
1     00006a40  _ECap3Regs                      
1     00006a60  _ECap4Regs                      
1     00006a80  _ECap5Regs                      
1     00006aa0  _ECap6Regs                      
1     00006b00  _EQep1Regs                      
1     00006b40  _EQep2Regs                      
1     00006f80  _GpioCtrlRegs                   
1     00006fc0  _GpioDataRegs                   
1     00006fe0  _GpioIntRegs                    
1     00007010  _SysCtrlRegs                    
1     00007040  _SpiaRegs                       
1     00007050  _SciaRegs                       
1     00007070  _XIntruptRegs                   
1     00007100  _AdcRegs                        
1     00007750  _ScibRegs                       
1     00007770  _ScicRegs                       
1     00007900  _I2caRegs                       
1     0000c000  _len                            
1     0000c003  _SpeedLoopPrescaler             
1     0000c004  _SpeedLoopCount                 
1     0000c005  _LockRotorFlag                  
1     0000c006  _DlogCh4                        
1     0000c007  _EnableFlag                     
1     0000c008  _lsw                            
1     0000c009  _TripFlagDMC                    
1     0000c00a  _OffsetFlag                     
1     0000c00b  _BackTicker                     
1     0000c00c  _DlogCh2                        
1     0000c00d  _DlogCh3                        
1     0000c00e  _Init_IFlag                     
1     0000c00f  _DlogCh1                        
1     0000c010  _SerialCommsTimer               
1     0000c012  _T                              
1     0000c014  _IsrTicker                      
1     0000c016  _K2                             
1     0000c018  _K1                             
1     0000c01a  _VqTesting                      
1     0000c01c  _offsetB                        
1     0000c01e  _offsetA                        
1     0000c020  _VdTesting                      
1     0000c022  _offsetC                        
1     0000c024  _B_Task_Ptr                     
1     0000c026  _C_Task_Ptr                     
1     0000c028  _Alpha_State_Ptr                
1     0000c02a  _IqRef                          
1     0000c02c  _IdRef                          
1     0000c02e  _A_Task_Ptr                     
1     0000c030  _SpeedRef                       
1     0000c032  _udmin                          
1     0000c034  _i                              
1     0000c036  _uqmin                          
1     0000c038  _udmax                          
1     0000c03a  _vq                             
1     0000c03c  _Ts                             
1     0000c03e  _k                              
1     0000c040  _vd                             
1     0000c042  _uqmax                          
1     0000c044  _VTimer1                        
1     0000c048  _VTimer2                        
1     0000c04c  _VTimer0                        
1     0000c050  _eQEP                           
1     0000c056  _pwmdac1                        
1     0000c05c  _testdata                       
1     0000c064  _pwm1                           
1     0000c06e  _clarke1                        
1     0000c080  _rg1                            
1     0000c08c  _park1                          
1     0000c09a  _eCAP                           
1     0000c0a8  _smo1_const                     
1     0000c0c0  _ePWM                           
1     0000c0ce  _ipark1                         
1     0000c0dc  _rc1                            
1     0000c0ec  _ACQPS                          
1     0000c100  _TrigSel                        
1     0000c110  _ChSel                          
1     0000c120  _qep1                           
1     0000c140  _speed3                         
1     0000c152  _svgen1                         
1     0000c164  _cmc                            
1     0000c180  _speed1                         
1     0000c194  _dlog                           
1     0000c1aa  _volt1                          
1     0000c1c0  _pi1_id                         
1     0000c1d8  _pi_id                          
1     0000c200  _pi_spd                         
1     0000c218  _pi_iq                          
1     0000c240  _pi1_spd                        
1     0000c258  _pi1_iq                         
1     0000c280  _smo1                           
1     0000c2ac  ___TI_enable_exit_profile_output
1     0000c2ae  ___TI_cleanup_ptr               
1     0000c2b0  ___TI_dtors_ptr                 
1     0000c2b2  _sdata                          
1     0000c2b3  _n                              
1     0000c2b4  _temp                           
1     0000c2b6  __lock                          
1     0000c2b8  __unlock                        
1     0000c2ba  _errno                          
1     0000c2c0  _Ny                             
1     0000c2c1  _Nu                             
1     0000c2c2  _Ac                             
1     0000c2c3  _Br                             
1     0000c2c4  _nu                             
1     0000c2c5  _nx                             
1     0000c2c6  _Nx                             
1     0000c2c7  _ny                             
1     0000c2c8  _Cc                             
1     0000c2c9  _cnt                            
1     0000c2ca  _Bc                             
1     0000c2cb  _Ar                             
1     0000c2cc  _Cr                             
1     0000c2ce  _We2_w                          
1     0000c2d0  _We3_w                          
1     0000c2d2  _Id3_w                          
1     0000c2d4  _vq_w                           
1     0000c2d6  _vd_w                           
1     0000c2d8  _We_w                           
1     0000c2da  _iqmax                          
1     0000c2dc  _R_w                            
1     0000c2de  _Q_w                            
1     0000c2e0  _Id2_w                          
1     0000c2e2  _qmax                           
1     0000c2e4  _iqmin                          
1     0000c2e6  _we_old                         
1     0000c2e8  _Lq                             
1     0000c2ea  _id_old                         
1     0000c2ec  _Rs                             
1     0000c2ee  _iq_old                         
1     0000c2f0  _Ld                             
1     0000c2f2  _qlim                           
1     0000c2f4  _qlim2                          
1     0000c2f6  _Id_w                           
1     0000c2f8  _vd_old                         
1     0000c2fa  _vq_old                         
1     0000c2fc  _qmin                           
1     0000c2fe  _dlim                           
1     0000c300  _cb                             
1     0000c304  _u                              
1     0000c308  _C                              
1     0000c30c  _ca                             
1     0000c310  _Omega                          
1     0000c314  _Gamma                          
1     0000c318  _X                              
1     0000c31c  _Yr                             
1     0000c320  _B                              
1     0000c324  _cc                             
1     0000c328  _eye                            
1     0000c32c  _aa                             
1     0000c330  _bb                             
1     0000c334  _c                              
1     0000c338  _A                              
1     0000c33c  _a                              
1     0000c340  _b                              
1     0000c344  _temp5                          
1     0000c348  _temp6                          
1     0000c34c  _temp3                          
1     0000c350  _temp4                          
1     0000c354  _u_ol                           
1     0000c358  _delta_u                        
1     0000c35c  _temp7                          
1     0000c360  _temp8                          
1     0000c364  _temp2                          
1     0000c368  _CAB                            
1     0000c36c  _Q                              
1     0000c370  _CA                             
1     0000c374  _CAA                            
1     0000c378  _f                              
1     0000c37c  _temp1                          
1     0000c380  _R                              
1     0000c384  _H                              
1     0000e000  __sys_memory                    
1     0033fff8  _CsmPwl                         
1     00380090  _PartIdRegs                     
abs   00000380  __STACK_SIZE                    
abs   00000800  __SYSMEM_SIZE                   
abs   ffffffff  ___TI_pprof_out_hndl            
abs   ffffffff  ___TI_prof_data_size            
abs   ffffffff  ___TI_prof_data_start           
abs   ffffffff  ___binit__                      
abs   ffffffff  ___c_args__                     
abs   ffffffff  ___pinit__                      
abs   ffffffff  binit                           
abs   ffffffff  pinit                           

[306 symbols]
