<?xml version="1.0"?>
<link_info>
   <banner>TMS320C2000 Linker PC v16.9.4.LTS</banner>
   <copyright>Copyright (c) 1996-2017 Texas Instruments Incorporated</copyright>
   <link_time>0x6134a51b</link_time>
   <link_errors>0x0</link_errors>
   <output_file>HVPM_Sensorless_2833x.out</output_file>
   <entry_point>
      <name>_c_int00</name>
      <address>0xb6df</address>
   </entry_point>
   <input_file_list>
      <input_file id="fl-5">
         <path>.\</path>
         <kind>object</kind>
         <file>DLOG4CHC.obj</file>
         <name>DLOG4CHC.obj</name>
      </input_file>
      <input_file id="fl-6">
         <path>.\</path>
         <kind>object</kind>
         <file>DSP2833x_ADC_cal.obj</file>
         <name>DSP2833x_ADC_cal.obj</name>
      </input_file>
      <input_file id="fl-7">
         <path>.\</path>
         <kind>object</kind>
         <file>DSP2833x_CodeStartBranch.obj</file>
         <name>DSP2833x_CodeStartBranch.obj</name>
      </input_file>
      <input_file id="fl-8">
         <path>.\</path>
         <kind>object</kind>
         <file>DSP2833x_GlobalVariableDefs.obj</file>
         <name>DSP2833x_GlobalVariableDefs.obj</name>
      </input_file>
      <input_file id="fl-9">
         <path>.\</path>
         <kind>object</kind>
         <file>DSP2833x_usDelay.obj</file>
         <name>DSP2833x_usDelay.obj</name>
      </input_file>
      <input_file id="fl-a">
         <path>.\</path>
         <kind>object</kind>
         <file>HVPM_Current.obj</file>
         <name>HVPM_Current.obj</name>
      </input_file>
      <input_file id="fl-b">
         <path>.\</path>
         <kind>object</kind>
         <file>HVPM_Sensorless-DevInit_F2833x.obj</file>
         <name>HVPM_Sensorless-DevInit_F2833x.obj</name>
      </input_file>
      <input_file id="fl-c">
         <path>.\</path>
         <kind>object</kind>
         <file>arithmetic.obj</file>
         <name>arithmetic.obj</name>
      </input_file>
      <input_file id="fl-d">
         <path>.\</path>
         <kind>object</kind>
         <file>matrix.obj</file>
         <name>matrix.obj</name>
      </input_file>
      <input_file id="fl-e">
         <path>.\</path>
         <kind>object</kind>
         <file>f28335_SCI.obj</file>
         <name>f28335_SCI.obj</name>
      </input_file>
      <input_file id="fl-11">
         <path>D:\ti\ccsv7\tools\compiler\ti-cgt-c2000_16.9.4.LTS\lib\</path>
         <kind>archive</kind>
         <file>rts2800_fpu32.lib</file>
         <name>boot28.obj</name>
      </input_file>
      <input_file id="fl-13">
         <kind>object</kind>
         <file>&lt;internal&gt;</file>
         <name>&lt;internal&gt;</name>
      </input_file>
      <input_file id="fl-14">
         <path>D:\ti\ccsv7\tools\compiler\ti-cgt-c2000_16.9.4.LTS\lib\</path>
         <kind>archive</kind>
         <file>rts2800_fpu32.lib</file>
         <name>cpy_tbl.obj</name>
      </input_file>
      <input_file id="fl-15">
         <path>D:\ti\ccsv7\tools\compiler\ti-cgt-c2000_16.9.4.LTS\lib\</path>
         <kind>archive</kind>
         <file>rts2800_fpu32.lib</file>
         <name>exit.obj</name>
      </input_file>
      <input_file id="fl-16">
         <path>D:\ti\ccsv7\tools\compiler\ti-cgt-c2000_16.9.4.LTS\lib\</path>
         <kind>archive</kind>
         <file>rts2800_fpu32.lib</file>
         <name>memcpy.obj</name>
      </input_file>
      <input_file id="fl-17">
         <path>D:\ti\ccsv7\tools\compiler\ti-cgt-c2000_16.9.4.LTS\lib\</path>
         <kind>archive</kind>
         <file>rts2800_fpu32.lib</file>
         <name>pre_init.obj</name>
      </input_file>
      <input_file id="fl-18">
         <path>D:\ti\ccsv7\tools\compiler\ti-cgt-c2000_16.9.4.LTS\lib\</path>
         <kind>archive</kind>
         <file>rts2800_fpu32.lib</file>
         <name>startup.obj</name>
      </input_file>
      <input_file id="fl-19">
         <path>D:\ti\ccsv7\tools\compiler\ti-cgt-c2000_16.9.4.LTS\lib\</path>
         <kind>archive</kind>
         <file>rts2800_fpu32.lib</file>
         <name>_lock.obj</name>
      </input_file>
      <input_file id="fl-1a">
         <path>D:\ti\ccsv7\tools\compiler\ti-cgt-c2000_16.9.4.LTS\lib\</path>
         <kind>archive</kind>
         <file>rts2800_fpu32.lib</file>
         <name>args_main.obj</name>
      </input_file>
      <input_file id="fl-1b">
         <path>D:\ti\controlSUITE\libs\math\FPUfastRTS\V100\lib\</path>
         <kind>archive</kind>
         <file>rts2800_fpu32_fast_supplement.lib</file>
         <name>sqrt_f32.obj</name>
      </input_file>
      <input_file id="fl-1c">
         <path>D:\ti\controlSUITE\libs\math\FPUfastRTS\V100\lib\</path>
         <kind>archive</kind>
         <file>rts2800_fpu32_fast_supplement.lib</file>
         <name>sin_f32.obj</name>
      </input_file>
      <input_file id="fl-1d">
         <path>D:\ti\controlSUITE\libs\math\FPUfastRTS\V100\lib\</path>
         <kind>archive</kind>
         <file>rts2800_fpu32_fast_supplement.lib</file>
         <name>div_f32.obj</name>
      </input_file>
      <input_file id="fl-1e">
         <path>D:\ti\controlSUITE\libs\math\FPUfastRTS\V100\lib\</path>
         <kind>archive</kind>
         <file>rts2800_fpu32_fast_supplement.lib</file>
         <name>cos_f32.obj</name>
      </input_file>
      <input_file id="fl-1f">
         <path>D:\ti\controlSUITE\libs\math\FPUfastRTS\V100\lib\</path>
         <kind>archive</kind>
         <file>rts2800_fpu32_fast_supplement.lib</file>
         <name>atan2_f32.obj</name>
      </input_file>
      <input_file id="fl-20">
         <path>D:\ti\controlSUITE\libs\math\FPUfastRTS\V100\lib\</path>
         <kind>archive</kind>
         <file>rts2800_fpu32_fast_supplement.lib</file>
         <name>FPUmathTables.obj</name>
      </input_file>
      <input_file id="fl-21">
         <path>D:\ti\ccsv7\tools\compiler\ti-cgt-c2000_16.9.4.LTS\lib\</path>
         <kind>archive</kind>
         <file>rts2800_fpu32.lib</file>
         <name>e_expf.obj</name>
      </input_file>
      <input_file id="fl-22">
         <path>D:\ti\ccsv7\tools\compiler\ti-cgt-c2000_16.9.4.LTS\lib\</path>
         <kind>archive</kind>
         <file>rts2800_fpu32.lib</file>
         <name>errno.obj</name>
      </input_file>
      <input_file id="fl-23">
         <path>D:\ti\ccsv7\tools\compiler\ti-cgt-c2000_16.9.4.LTS\lib\</path>
         <kind>archive</kind>
         <file>rts2800_fpu32.lib</file>
         <name>memory.obj</name>
      </input_file>
      <input_file id="fl-24">
         <path>D:\ti\ccsv7\tools\compiler\ti-cgt-c2000_16.9.4.LTS\lib\</path>
         <kind>archive</kind>
         <file>rts2800_fpu32.lib</file>
         <name>s_floorf.obj</name>
      </input_file>
   </input_file_list>
   <object_component_list>
      <object_component id="oc-8c">
         <name>PieVectTableFile</name>
         <uninitialized>true</uninitialized>
         <run_address>0xd00</run_address>
         <size>0x100</size>
         <input_file_ref idref="fl-8"/>
      </object_component>
      <object_component id="oc-88">
         <name>DevEmuRegsFile</name>
         <uninitialized>true</uninitialized>
         <run_address>0x880</run_address>
         <size>0xd0</size>
         <input_file_ref idref="fl-8"/>
      </object_component>
      <object_component id="oc-5e">
         <name>FlashRegsFile</name>
         <uninitialized>true</uninitialized>
         <run_address>0xa80</run_address>
         <size>0x8</size>
         <input_file_ref idref="fl-8"/>
      </object_component>
      <object_component id="oc-66">
         <name>CsmRegsFile</name>
         <uninitialized>true</uninitialized>
         <run_address>0xae0</run_address>
         <size>0x10</size>
         <input_file_ref idref="fl-8"/>
      </object_component>
      <object_component id="oc-67">
         <name>AdcMirrorFile</name>
         <uninitialized>true</uninitialized>
         <run_address>0xb00</run_address>
         <size>0x10</size>
         <input_file_ref idref="fl-8"/>
      </object_component>
      <object_component id="oc-6b">
         <name>XintfRegsFile</name>
         <uninitialized>true</uninitialized>
         <run_address>0xb20</run_address>
         <size>0x1e</size>
         <input_file_ref idref="fl-8"/>
      </object_component>
      <object_component id="oc-5f">
         <name>CpuTimer0RegsFile</name>
         <uninitialized>true</uninitialized>
         <run_address>0xc00</run_address>
         <size>0x8</size>
         <input_file_ref idref="fl-8"/>
      </object_component>
      <object_component id="oc-60">
         <name>CpuTimer1RegsFile</name>
         <uninitialized>true</uninitialized>
         <run_address>0xc08</run_address>
         <size>0x8</size>
         <input_file_ref idref="fl-8"/>
      </object_component>
      <object_component id="oc-5c">
         <name>CpuTimer2RegsFile</name>
         <uninitialized>true</uninitialized>
         <run_address>0xc10</run_address>
         <size>0x8</size>
         <input_file_ref idref="fl-8"/>
      </object_component>
      <object_component id="oc-69">
         <name>PieCtrlRegsFile</name>
         <uninitialized>true</uninitialized>
         <run_address>0xce0</run_address>
         <size>0x1a</size>
         <input_file_ref idref="fl-8"/>
      </object_component>
      <object_component id="oc-89">
         <name>DmaRegsFile</name>
         <uninitialized>true</uninitialized>
         <run_address>0x1000</run_address>
         <size>0xe0</size>
         <input_file_ref idref="fl-8"/>
      </object_component>
      <object_component id="oc-7c">
         <name>McbspaRegsFile</name>
         <uninitialized>true</uninitialized>
         <run_address>0x5000</run_address>
         <size>0x25</size>
         <input_file_ref idref="fl-8"/>
      </object_component>
      <object_component id="oc-7b">
         <name>McbspbRegsFile</name>
         <uninitialized>true</uninitialized>
         <run_address>0x5040</run_address>
         <size>0x25</size>
         <input_file_ref idref="fl-8"/>
      </object_component>
      <object_component id="oc-7e">
         <name>ECanaRegsFile</name>
         <uninitialized>true</uninitialized>
         <run_address>0x6000</run_address>
         <size>0x34</size>
         <input_file_ref idref="fl-8"/>
      </object_component>
      <object_component id="oc-82">
         <name>ECanaLAMRegsFile</name>
         <uninitialized>true</uninitialized>
         <run_address>0x6040</run_address>
         <size>0x40</size>
         <input_file_ref idref="fl-8"/>
      </object_component>
      <object_component id="oc-8b">
         <name>ECanaMboxesFile</name>
         <uninitialized>true</uninitialized>
         <run_address>0x6100</run_address>
         <size>0x100</size>
         <input_file_ref idref="fl-8"/>
      </object_component>
      <object_component id="oc-83">
         <name>ECanaMOTSRegsFile</name>
         <uninitialized>true</uninitialized>
         <run_address>0x6080</run_address>
         <size>0x40</size>
         <input_file_ref idref="fl-8"/>
      </object_component>
      <object_component id="oc-80">
         <name>ECanaMOTORegsFile</name>
         <uninitialized>true</uninitialized>
         <run_address>0x60c0</run_address>
         <size>0x40</size>
         <input_file_ref idref="fl-8"/>
      </object_component>
      <object_component id="oc-7f">
         <name>ECanbRegsFile</name>
         <uninitialized>true</uninitialized>
         <run_address>0x6200</run_address>
         <size>0x34</size>
         <input_file_ref idref="fl-8"/>
      </object_component>
      <object_component id="oc-87">
         <name>ECanbLAMRegsFile</name>
         <uninitialized>true</uninitialized>
         <run_address>0x6240</run_address>
         <size>0x40</size>
         <input_file_ref idref="fl-8"/>
      </object_component>
      <object_component id="oc-8a">
         <name>ECanbMboxesFile</name>
         <uninitialized>true</uninitialized>
         <run_address>0x6300</run_address>
         <size>0x100</size>
         <input_file_ref idref="fl-8"/>
      </object_component>
      <object_component id="oc-81">
         <name>ECanbMOTSRegsFile</name>
         <uninitialized>true</uninitialized>
         <run_address>0x6280</run_address>
         <size>0x40</size>
         <input_file_ref idref="fl-8"/>
      </object_component>
      <object_component id="oc-84">
         <name>ECanbMOTORegsFile</name>
         <uninitialized>true</uninitialized>
         <run_address>0x62c0</run_address>
         <size>0x40</size>
         <input_file_ref idref="fl-8"/>
      </object_component>
      <object_component id="oc-79">
         <name>EPwm1RegsFile</name>
         <uninitialized>true</uninitialized>
         <run_address>0x6800</run_address>
         <size>0x22</size>
         <input_file_ref idref="fl-8"/>
      </object_component>
      <object_component id="oc-74">
         <name>EPwm2RegsFile</name>
         <uninitialized>true</uninitialized>
         <run_address>0x6840</run_address>
         <size>0x22</size>
         <input_file_ref idref="fl-8"/>
      </object_component>
      <object_component id="oc-75">
         <name>EPwm3RegsFile</name>
         <uninitialized>true</uninitialized>
         <run_address>0x6880</run_address>
         <size>0x22</size>
         <input_file_ref idref="fl-8"/>
      </object_component>
      <object_component id="oc-7a">
         <name>EPwm4RegsFile</name>
         <uninitialized>true</uninitialized>
         <run_address>0x68c0</run_address>
         <size>0x22</size>
         <input_file_ref idref="fl-8"/>
      </object_component>
      <object_component id="oc-77">
         <name>EPwm5RegsFile</name>
         <uninitialized>true</uninitialized>
         <run_address>0x6900</run_address>
         <size>0x22</size>
         <input_file_ref idref="fl-8"/>
      </object_component>
      <object_component id="oc-78">
         <name>EPwm6RegsFile</name>
         <uninitialized>true</uninitialized>
         <run_address>0x6940</run_address>
         <size>0x22</size>
         <input_file_ref idref="fl-8"/>
      </object_component>
      <object_component id="oc-6e">
         <name>ECap1RegsFile</name>
         <uninitialized>true</uninitialized>
         <run_address>0x6a00</run_address>
         <size>0x20</size>
         <input_file_ref idref="fl-8"/>
      </object_component>
      <object_component id="oc-6f">
         <name>ECap2RegsFile</name>
         <uninitialized>true</uninitialized>
         <run_address>0x6a20</run_address>
         <size>0x20</size>
         <input_file_ref idref="fl-8"/>
      </object_component>
      <object_component id="oc-6c">
         <name>ECap3RegsFile</name>
         <uninitialized>true</uninitialized>
         <run_address>0x6a40</run_address>
         <size>0x20</size>
         <input_file_ref idref="fl-8"/>
      </object_component>
      <object_component id="oc-6d">
         <name>ECap4RegsFile</name>
         <uninitialized>true</uninitialized>
         <run_address>0x6a60</run_address>
         <size>0x20</size>
         <input_file_ref idref="fl-8"/>
      </object_component>
      <object_component id="oc-72">
         <name>ECap5RegsFile</name>
         <uninitialized>true</uninitialized>
         <run_address>0x6a80</run_address>
         <size>0x20</size>
         <input_file_ref idref="fl-8"/>
      </object_component>
      <object_component id="oc-73">
         <name>ECap6RegsFile</name>
         <uninitialized>true</uninitialized>
         <run_address>0x6aa0</run_address>
         <size>0x20</size>
         <input_file_ref idref="fl-8"/>
      </object_component>
      <object_component id="oc-85">
         <name>EQep1RegsFile</name>
         <uninitialized>true</uninitialized>
         <run_address>0x6b00</run_address>
         <size>0x40</size>
         <input_file_ref idref="fl-8"/>
      </object_component>
      <object_component id="oc-86">
         <name>EQep2RegsFile</name>
         <uninitialized>true</uninitialized>
         <run_address>0x6b40</run_address>
         <size>0x40</size>
         <input_file_ref idref="fl-8"/>
      </object_component>
      <object_component id="oc-7d">
         <name>GpioCtrlRegsFile</name>
         <uninitialized>true</uninitialized>
         <run_address>0x6f80</run_address>
         <size>0x2e</size>
         <input_file_ref idref="fl-8"/>
      </object_component>
      <object_component id="oc-70">
         <name>GpioDataRegsFile</name>
         <uninitialized>true</uninitialized>
         <run_address>0x6fc0</run_address>
         <size>0x20</size>
         <input_file_ref idref="fl-8"/>
      </object_component>
      <object_component id="oc-61">
         <name>GpioIntRegsFile</name>
         <uninitialized>true</uninitialized>
         <run_address>0x6fe0</run_address>
         <size>0xa</size>
         <input_file_ref idref="fl-8"/>
      </object_component>
      <object_component id="oc-71">
         <name>SysCtrlRegsFile</name>
         <uninitialized>true</uninitialized>
         <run_address>0x7010</run_address>
         <size>0x20</size>
         <input_file_ref idref="fl-8"/>
      </object_component>
      <object_component id="oc-62">
         <name>SpiaRegsFile</name>
         <uninitialized>true</uninitialized>
         <run_address>0x7040</run_address>
         <size>0x10</size>
         <input_file_ref idref="fl-8"/>
      </object_component>
      <object_component id="oc-65">
         <name>SciaRegsFile</name>
         <uninitialized>true</uninitialized>
         <run_address>0x7050</run_address>
         <size>0x10</size>
         <input_file_ref idref="fl-8"/>
      </object_component>
      <object_component id="oc-68">
         <name>XIntruptRegsFile</name>
         <uninitialized>true</uninitialized>
         <run_address>0x7070</run_address>
         <size>0x10</size>
         <input_file_ref idref="fl-8"/>
      </object_component>
      <object_component id="oc-6a">
         <name>AdcRegsFile</name>
         <uninitialized>true</uninitialized>
         <run_address>0x7100</run_address>
         <size>0x1e</size>
         <input_file_ref idref="fl-8"/>
      </object_component>
      <object_component id="oc-63">
         <name>ScibRegsFile</name>
         <uninitialized>true</uninitialized>
         <run_address>0x7750</run_address>
         <size>0x10</size>
         <input_file_ref idref="fl-8"/>
      </object_component>
      <object_component id="oc-64">
         <name>ScicRegsFile</name>
         <uninitialized>true</uninitialized>
         <run_address>0x7770</run_address>
         <size>0x10</size>
         <input_file_ref idref="fl-8"/>
      </object_component>
      <object_component id="oc-76">
         <name>I2caRegsFile</name>
         <uninitialized>true</uninitialized>
         <run_address>0x7900</run_address>
         <size>0x22</size>
         <input_file_ref idref="fl-8"/>
      </object_component>
      <object_component id="oc-5d">
         <name>CsmPwlFile</name>
         <uninitialized>true</uninitialized>
         <run_address>0x33fff8</run_address>
         <size>0x8</size>
         <input_file_ref idref="fl-8"/>
      </object_component>
      <object_component id="oc-5b">
         <name>PartIdRegsFile</name>
         <uninitialized>true</uninitialized>
         <run_address>0x380090</run_address>
         <size>0x1</size>
         <input_file_ref idref="fl-8"/>
      </object_component>
      <object_component id="oc-55">
         <name>codestart</name>
         <load_address>0x0</load_address>
         <run_address>0x0</run_address>
         <size>0x2</size>
         <input_file_ref idref="fl-7"/>
      </object_component>
      <object_component id="oc-8e">
         <name>ramfuncs</name>
         <load_address>0x83c7</load_address>
         <run_address>0x83c7</run_address>
         <size>0x4</size>
         <input_file_ref idref="fl-9"/>
      </object_component>
      <object_component id="oc-112">
         <name>.text</name>
         <load_address>0x9600</load_address>
         <run_address>0x9600</run_address>
         <size>0xc70</size>
         <input_file_ref idref="fl-c"/>
      </object_component>
      <object_component id="oc-96">
         <name>.text:retain</name>
         <load_address>0xa270</load_address>
         <run_address>0xa270</run_address>
         <size>0x7c7</size>
         <input_file_ref idref="fl-a"/>
      </object_component>
      <object_component id="oc-115">
         <name>.text</name>
         <load_address>0xaa37</load_address>
         <run_address>0xaa37</run_address>
         <size>0x48e</size>
         <input_file_ref idref="fl-a"/>
      </object_component>
      <object_component id="oc-10e">
         <name>.text</name>
         <load_address>0xaec5</load_address>
         <run_address>0xaec5</run_address>
         <size>0x1</size>
         <input_file_ref idref="fl-18"/>
      </object_component>
      <object_component id="oc-118">
         <name>.text</name>
         <load_address>0xaec6</load_address>
         <run_address>0xaec6</run_address>
         <size>0x312</size>
         <input_file_ref idref="fl-d"/>
      </object_component>
      <object_component id="oc-11d">
         <name>.text</name>
         <load_address>0xb1d8</load_address>
         <run_address>0xb1d8</run_address>
         <size>0x1d2</size>
         <input_file_ref idref="fl-23"/>
      </object_component>
      <object_component id="oc-119">
         <name>.text</name>
         <load_address>0xb3aa</load_address>
         <run_address>0xb3aa</run_address>
         <size>0x1ce</size>
         <input_file_ref idref="fl-b"/>
      </object_component>
      <object_component id="oc-11a">
         <name>.text</name>
         <load_address>0xb578</load_address>
         <run_address>0xb578</run_address>
         <size>0x110</size>
         <input_file_ref idref="fl-21"/>
      </object_component>
      <object_component id="oc-111">
         <name>.text</name>
         <load_address>0xb688</load_address>
         <run_address>0xb688</run_address>
         <size>0x57</size>
         <input_file_ref idref="fl-24"/>
      </object_component>
      <object_component id="oc-48">
         <name>.text</name>
         <load_address>0xb6df</load_address>
         <run_address>0xb6df</run_address>
         <size>0x56</size>
         <input_file_ref idref="fl-11"/>
      </object_component>
      <object_component id="oc-ef">
         <name>.text</name>
         <load_address>0xb735</load_address>
         <run_address>0xb735</run_address>
         <size>0x4f</size>
         <input_file_ref idref="fl-1f"/>
      </object_component>
      <object_component id="oc-49">
         <name>.text</name>
         <load_address>0xb784</load_address>
         <run_address>0xb784</run_address>
         <size>0x4b</size>
         <input_file_ref idref="fl-5"/>
      </object_component>
      <object_component id="oc-eb">
         <name>.text</name>
         <load_address>0xb7cf</load_address>
         <run_address>0xb7cf</run_address>
         <size>0x34</size>
         <input_file_ref idref="fl-1e"/>
      </object_component>
      <object_component id="oc-e3">
         <name>.text</name>
         <load_address>0xb803</load_address>
         <run_address>0xb803</run_address>
         <size>0x34</size>
         <input_file_ref idref="fl-1c"/>
      </object_component>
      <object_component id="oc-113">
         <name>.text</name>
         <load_address>0xb837</load_address>
         <run_address>0xb837</run_address>
         <size>0x30</size>
         <input_file_ref idref="fl-e"/>
      </object_component>
      <object_component id="oc-110">
         <name>.text</name>
         <load_address>0xb867</load_address>
         <run_address>0xb867</run_address>
         <size>0x29</size>
         <input_file_ref idref="fl-15"/>
      </object_component>
      <object_component id="oc-10d">
         <name>.text</name>
         <load_address>0xb890</load_address>
         <run_address>0xb890</run_address>
         <size>0x24</size>
         <input_file_ref idref="fl-14"/>
      </object_component>
      <object_component id="oc-df">
         <name>.text</name>
         <load_address>0xb8b4</load_address>
         <run_address>0xb8b4</run_address>
         <size>0x21</size>
         <input_file_ref idref="fl-1b"/>
      </object_component>
      <object_component id="oc-114">
         <name>.text</name>
         <load_address>0xb8d5</load_address>
         <run_address>0xb8d5</run_address>
         <size>0x1e</size>
         <input_file_ref idref="fl-16"/>
      </object_component>
      <object_component id="oc-10f">
         <name>.text</name>
         <load_address>0xb8f3</load_address>
         <run_address>0xb8f3</run_address>
         <size>0x19</size>
         <input_file_ref idref="fl-1a"/>
      </object_component>
      <object_component id="oc-e7">
         <name>.text</name>
         <load_address>0xb90c</load_address>
         <run_address>0xb90c</run_address>
         <size>0x19</size>
         <input_file_ref idref="fl-1d"/>
      </object_component>
      <object_component id="oc-9c">
         <name>.text:retain</name>
         <load_address>0xb925</load_address>
         <run_address>0xb925</run_address>
         <size>0xa</size>
         <input_file_ref idref="fl-b"/>
      </object_component>
      <object_component id="oc-11b">
         <name>.text</name>
         <load_address>0xb92f</load_address>
         <run_address>0xb92f</run_address>
         <size>0x9</size>
         <input_file_ref idref="fl-19"/>
      </object_component>
      <object_component id="oc-54">
         <name>.text</name>
         <load_address>0xb938</load_address>
         <run_address>0xb938</run_address>
         <size>0x8</size>
         <input_file_ref idref="fl-7"/>
      </object_component>
      <object_component id="oc-10c">
         <name>.text</name>
         <load_address>0xb940</load_address>
         <run_address>0xb940</run_address>
         <size>0x2</size>
         <input_file_ref idref="fl-17"/>
      </object_component>
      <object_component id="oc-94">
         <name>.cinit</name>
         <load_address>0x8000</load_address>
         <run_address>0x8000</run_address>
         <size>0x2fb</size>
         <input_file_ref idref="fl-a"/>
      </object_component>
      <object_component id="oc-a2">
         <name>.cinit</name>
         <load_address>0x82fb</load_address>
         <run_address>0x82fb</run_address>
         <size>0xa6</size>
         <input_file_ref idref="fl-c"/>
      </object_component>
      <object_component id="oc-c0">
         <name>.cinit</name>
         <load_address>0x83a1</load_address>
         <run_address>0x83a1</run_address>
         <size>0xe</size>
         <input_file_ref idref="fl-15"/>
      </object_component>
      <object_component id="oc-117">
         <name>.cinit:__lock</name>
         <load_address>0x83af</load_address>
         <run_address>0x83af</run_address>
         <size>0x5</size>
         <input_file_ref idref="fl-19"/>
      </object_component>
      <object_component id="oc-11c">
         <name>.cinit:__unlock</name>
         <load_address>0x83b4</load_address>
         <run_address>0x83b4</run_address>
         <size>0x5</size>
         <input_file_ref idref="fl-19"/>
      </object_component>
      <object_component id="oc-ae">
         <name>.cinit</name>
         <load_address>0x83b9</load_address>
         <run_address>0x83b9</run_address>
         <size>0x4</size>
         <input_file_ref idref="fl-e"/>
      </object_component>
      <object_component id="oc-fb">
         <name>.cinit</name>
         <load_address>0x83bd</load_address>
         <run_address>0x83bd</run_address>
         <size>0x4</size>
         <input_file_ref idref="fl-22"/>
      </object_component>
      <object_component id="oc-ff">
         <name>.cinit</name>
         <load_address>0x83c1</load_address>
         <run_address>0x83c1</run_address>
         <size>0x4</size>
         <input_file_ref idref="fl-23"/>
      </object_component>
      <object_component id="oc-b4">
         <name>.stack</name>
         <uninitialized>true</uninitialized>
         <run_address>0x400</run_address>
         <size>0x0</size>
         <input_file_ref idref="fl-11"/>
      </object_component>
      <object_component id="oc-173">
         <name>.stack</name>
         <uninitialized>true</uninitialized>
         <run_address>0x400</run_address>
         <size>0x0</size>
      </object_component>
      <object_component id="oc-95">
         <name>.ebss</name>
         <uninitialized>true</uninitialized>
         <run_address>0xc000</run_address>
         <size>0x2a4</size>
         <input_file_ref idref="fl-a"/>
      </object_component>
      <object_component id="oc-a3">
         <name>.ebss</name>
         <uninitialized>true</uninitialized>
         <run_address>0xc2c0</run_address>
         <size>0xd4</size>
         <input_file_ref idref="fl-c"/>
      </object_component>
      <object_component id="oc-af">
         <name>.ebss</name>
         <uninitialized>true</uninitialized>
         <run_address>0xc2b2</run_address>
         <size>0x4</size>
         <input_file_ref idref="fl-e"/>
      </object_component>
      <object_component id="oc-c1">
         <name>.ebss</name>
         <uninitialized>true</uninitialized>
         <run_address>0xc2ac</run_address>
         <size>0x6</size>
         <input_file_ref idref="fl-15"/>
      </object_component>
      <object_component id="oc-121">
         <name>.ebss:__unlock</name>
         <uninitialized>true</uninitialized>
         <run_address>0xc2b8</run_address>
         <size>0x2</size>
         <input_file_ref idref="fl-19"/>
      </object_component>
      <object_component id="oc-116">
         <name>.ebss:__lock</name>
         <uninitialized>true</uninitialized>
         <run_address>0xc2b6</run_address>
         <size>0x2</size>
         <input_file_ref idref="fl-19"/>
      </object_component>
      <object_component id="oc-fc">
         <name>.ebss</name>
         <uninitialized>true</uninitialized>
         <run_address>0xc2ba</run_address>
         <size>0x1</size>
         <input_file_ref idref="fl-22"/>
      </object_component>
      <object_component id="oc-101">
         <name>.ebss</name>
         <uninitialized>true</uninitialized>
         <run_address>0xc2a4</run_address>
         <size>0x8</size>
         <input_file_ref idref="fl-23"/>
      </object_component>
      <object_component id="oc-f5">
         <name>.econst</name>
         <load_address>0xd000</load_address>
         <run_address>0xd000</run_address>
         <size>0x10</size>
         <input_file_ref idref="fl-21"/>
      </object_component>
      <object_component id="oc-11e">
         <name>.econst:_halF</name>
         <load_address>0xd010</load_address>
         <run_address>0xd010</run_address>
         <size>0x4</size>
         <input_file_ref idref="fl-21"/>
      </object_component>
      <object_component id="oc-11f">
         <name>.econst:_ln2HI</name>
         <load_address>0xd014</load_address>
         <run_address>0xd014</run_address>
         <size>0x4</size>
         <input_file_ref idref="fl-21"/>
      </object_component>
      <object_component id="oc-120">
         <name>.econst:_ln2LO</name>
         <load_address>0xd018</load_address>
         <run_address>0xd018</run_address>
         <size>0x4</size>
         <input_file_ref idref="fl-21"/>
      </object_component>
      <object_component id="oc-107">
         <name>.econst</name>
         <load_address>0xd01c</load_address>
         <run_address>0xd01c</run_address>
         <size>0x2</size>
         <input_file_ref idref="fl-24"/>
      </object_component>
      <object_component id="oc-100">
         <name>.esysmem</name>
         <uninitialized>true</uninitialized>
         <run_address>0xe000</run_address>
         <size>0x1</size>
         <input_file_ref idref="fl-23"/>
      </object_component>
      <object_component id="oc-174">
         <name>.esysmem</name>
         <uninitialized>true</uninitialized>
         <run_address>0xe000</run_address>
         <size>0x0</size>
      </object_component>
      <object_component id="oc-f3">
         <name>FPUmathTables</name>
         <load_address>0x3febdc</load_address>
         <run_address>0x3febdc</run_address>
         <size>0x6a0</size>
         <input_file_ref idref="fl-20"/>
      </object_component>
      <object_component id="oc-b5">
         <name>.reset</name>
         <load_address>0x3fffc0</load_address>
         <run_address>0x3fffc0</run_address>
         <size>0x2</size>
         <input_file_ref idref="fl-11"/>
      </object_component>
      <object_component id="oc-4f">
         <name>.adc_cal</name>
         <load_address>0x380080</load_address>
         <run_address>0x380080</run_address>
         <size>0x7</size>
         <input_file_ref idref="fl-6"/>
      </object_component>
      <object_component id="oc-4a">
         <name>DLOG</name>
         <uninitialized>true</uninitialized>
         <run_address>0xc394</run_address>
         <size>0x320</size>
         <input_file_ref idref="fl-5"/>
      </object_component>
      <object_component id="oc-4b">
         <name>.debug_info</name>
         <load_address>0x0</load_address>
         <run_address>0x0</run_address>
         <size>0xee</size>
         <input_file_ref idref="fl-5"/>
      </object_component>
      <object_component id="oc-50">
         <name>.debug_info</name>
         <load_address>0xee</load_address>
         <run_address>0xee</run_address>
         <size>0x169</size>
         <input_file_ref idref="fl-6"/>
      </object_component>
      <object_component id="oc-56">
         <name>.debug_info</name>
         <load_address>0x257</load_address>
         <run_address>0x257</run_address>
         <size>0x1e2</size>
         <input_file_ref idref="fl-7"/>
      </object_component>
      <object_component id="oc-5a">
         <name>.debug_info</name>
         <load_address>0x439</load_address>
         <run_address>0x439</run_address>
         <size>0x133d1</size>
         <input_file_ref idref="fl-8"/>
      </object_component>
      <object_component id="oc-8f">
         <name>.debug_info</name>
         <load_address>0x1380a</load_address>
         <run_address>0x1380a</run_address>
         <size>0xe5</size>
         <input_file_ref idref="fl-9"/>
      </object_component>
      <object_component id="oc-93">
         <name>.debug_info</name>
         <load_address>0x138ef</load_address>
         <run_address>0x138ef</run_address>
         <size>0x8fd4</size>
         <input_file_ref idref="fl-a"/>
      </object_component>
      <object_component id="oc-9b">
         <name>.debug_info</name>
         <load_address>0x1c8c3</load_address>
         <run_address>0x1c8c3</run_address>
         <size>0x486d</size>
         <input_file_ref idref="fl-b"/>
      </object_component>
      <object_component id="oc-a1">
         <name>.debug_info</name>
         <load_address>0x21130</load_address>
         <run_address>0x21130</run_address>
         <size>0x10dc</size>
         <input_file_ref idref="fl-c"/>
      </object_component>
      <object_component id="oc-a8">
         <name>.debug_info</name>
         <load_address>0x2220c</load_address>
         <run_address>0x2220c</run_address>
         <size>0xfee</size>
         <input_file_ref idref="fl-d"/>
      </object_component>
      <object_component id="oc-ad">
         <name>.debug_info</name>
         <load_address>0x231fa</load_address>
         <run_address>0x231fa</run_address>
         <size>0xfb6</size>
         <input_file_ref idref="fl-e"/>
      </object_component>
      <object_component id="oc-b6">
         <name>.debug_info</name>
         <load_address>0x241b0</load_address>
         <run_address>0x241b0</run_address>
         <size>0x16b</size>
         <input_file_ref idref="fl-11"/>
      </object_component>
      <object_component id="oc-ba">
         <name>.debug_info</name>
         <load_address>0x2431b</load_address>
         <run_address>0x2431b</run_address>
         <size>0x5c1</size>
         <input_file_ref idref="fl-14"/>
      </object_component>
      <object_component id="oc-bf">
         <name>.debug_info</name>
         <load_address>0x248dc</load_address>
         <run_address>0x248dc</run_address>
         <size>0x5ab</size>
         <input_file_ref idref="fl-15"/>
      </object_component>
      <object_component id="oc-c6">
         <name>.debug_info</name>
         <load_address>0x24e87</load_address>
         <run_address>0x24e87</run_address>
         <size>0x46f</size>
         <input_file_ref idref="fl-16"/>
      </object_component>
      <object_component id="oc-cb">
         <name>.debug_info</name>
         <load_address>0x252f6</load_address>
         <run_address>0x252f6</run_address>
         <size>0x3e2</size>
         <input_file_ref idref="fl-17"/>
      </object_component>
      <object_component id="oc-d0">
         <name>.debug_info</name>
         <load_address>0x256d8</load_address>
         <run_address>0x256d8</run_address>
         <size>0x3df</size>
         <input_file_ref idref="fl-18"/>
      </object_component>
      <object_component id="oc-d5">
         <name>.debug_info</name>
         <load_address>0x25ab7</load_address>
         <run_address>0x25ab7</run_address>
         <size>0x501</size>
         <input_file_ref idref="fl-19"/>
      </object_component>
      <object_component id="oc-da">
         <name>.debug_info</name>
         <load_address>0x25fb8</load_address>
         <run_address>0x25fb8</run_address>
         <size>0x4ce</size>
         <input_file_ref idref="fl-1a"/>
      </object_component>
      <object_component id="oc-e0">
         <name>.debug_info</name>
         <load_address>0x26486</load_address>
         <run_address>0x26486</run_address>
         <size>0x144</size>
         <input_file_ref idref="fl-1b"/>
      </object_component>
      <object_component id="oc-e4">
         <name>.debug_info</name>
         <load_address>0x265ca</load_address>
         <run_address>0x265ca</run_address>
         <size>0x142</size>
         <input_file_ref idref="fl-1c"/>
      </object_component>
      <object_component id="oc-e8">
         <name>.debug_info</name>
         <load_address>0x2670c</load_address>
         <run_address>0x2670c</run_address>
         <size>0x142</size>
         <input_file_ref idref="fl-1d"/>
      </object_component>
      <object_component id="oc-ec">
         <name>.debug_info</name>
         <load_address>0x2684e</load_address>
         <run_address>0x2684e</run_address>
         <size>0x142</size>
         <input_file_ref idref="fl-1e"/>
      </object_component>
      <object_component id="oc-f0">
         <name>.debug_info</name>
         <load_address>0x26990</load_address>
         <run_address>0x26990</run_address>
         <size>0x147</size>
         <input_file_ref idref="fl-1f"/>
      </object_component>
      <object_component id="oc-f4">
         <name>.debug_info</name>
         <load_address>0x26ad7</load_address>
         <run_address>0x26ad7</run_address>
         <size>0x645</size>
         <input_file_ref idref="fl-21"/>
      </object_component>
      <object_component id="oc-fa">
         <name>.debug_info</name>
         <load_address>0x2711c</load_address>
         <run_address>0x2711c</run_address>
         <size>0x1bb</size>
         <input_file_ref idref="fl-22"/>
      </object_component>
      <object_component id="oc-fe">
         <name>.debug_info</name>
         <load_address>0x272d7</load_address>
         <run_address>0x272d7</run_address>
         <size>0xb1f</size>
         <input_file_ref idref="fl-23"/>
      </object_component>
      <object_component id="oc-106">
         <name>.debug_info</name>
         <load_address>0x27df6</load_address>
         <run_address>0x27df6</run_address>
         <size>0x4b9</size>
         <input_file_ref idref="fl-24"/>
      </object_component>
      <object_component id="oc-175">
         <name>.debug_info</name>
         <load_address>0x282af</load_address>
         <run_address>0x282af</run_address>
         <size>0x9e</size>
      </object_component>
      <object_component id="oc-4c">
         <name>.debug_line</name>
         <load_address>0x0</load_address>
         <run_address>0x0</run_address>
         <size>0x7f</size>
         <input_file_ref idref="fl-5"/>
      </object_component>
      <object_component id="oc-51">
         <name>.debug_line</name>
         <load_address>0x7f</load_address>
         <run_address>0x7f</run_address>
         <size>0x8b</size>
         <input_file_ref idref="fl-6"/>
      </object_component>
      <object_component id="oc-57">
         <name>.debug_line</name>
         <load_address>0x10a</load_address>
         <run_address>0x10a</run_address>
         <size>0xa3</size>
         <input_file_ref idref="fl-7"/>
      </object_component>
      <object_component id="oc-90">
         <name>.debug_line</name>
         <load_address>0x1ad</load_address>
         <run_address>0x1ad</run_address>
         <size>0x48</size>
         <input_file_ref idref="fl-9"/>
      </object_component>
      <object_component id="oc-98">
         <name>.debug_line</name>
         <load_address>0x1f5</load_address>
         <run_address>0x1f5</run_address>
         <size>0x933</size>
         <input_file_ref idref="fl-a"/>
      </object_component>
      <object_component id="oc-9e">
         <name>.debug_line</name>
         <load_address>0xb28</load_address>
         <run_address>0xb28</run_address>
         <size>0x264</size>
         <input_file_ref idref="fl-b"/>
      </object_component>
      <object_component id="oc-a5">
         <name>.debug_line</name>
         <load_address>0xd8c</load_address>
         <run_address>0xd8c</run_address>
         <size>0x553</size>
         <input_file_ref idref="fl-c"/>
      </object_component>
      <object_component id="oc-aa">
         <name>.debug_line</name>
         <load_address>0x12df</load_address>
         <run_address>0x12df</run_address>
         <size>0x3b0</size>
         <input_file_ref idref="fl-d"/>
      </object_component>
      <object_component id="oc-b1">
         <name>.debug_line</name>
         <load_address>0x168f</load_address>
         <run_address>0x168f</run_address>
         <size>0x8a</size>
         <input_file_ref idref="fl-e"/>
      </object_component>
      <object_component id="oc-b7">
         <name>.debug_line</name>
         <load_address>0x1719</load_address>
         <run_address>0x1719</run_address>
         <size>0x7e</size>
         <input_file_ref idref="fl-11"/>
      </object_component>
      <object_component id="oc-bc">
         <name>.debug_line</name>
         <load_address>0x1797</load_address>
         <run_address>0x1797</run_address>
         <size>0x50</size>
         <input_file_ref idref="fl-14"/>
      </object_component>
      <object_component id="oc-c3">
         <name>.debug_line</name>
         <load_address>0x17e7</load_address>
         <run_address>0x17e7</run_address>
         <size>0x65</size>
         <input_file_ref idref="fl-15"/>
      </object_component>
      <object_component id="oc-c8">
         <name>.debug_line</name>
         <load_address>0x184c</load_address>
         <run_address>0x184c</run_address>
         <size>0x62</size>
         <input_file_ref idref="fl-16"/>
      </object_component>
      <object_component id="oc-cd">
         <name>.debug_line</name>
         <load_address>0x18ae</load_address>
         <run_address>0x18ae</run_address>
         <size>0x3e</size>
         <input_file_ref idref="fl-17"/>
      </object_component>
      <object_component id="oc-d2">
         <name>.debug_line</name>
         <load_address>0x18ec</load_address>
         <run_address>0x18ec</run_address>
         <size>0x3a</size>
         <input_file_ref idref="fl-18"/>
      </object_component>
      <object_component id="oc-d7">
         <name>.debug_line</name>
         <load_address>0x1926</load_address>
         <run_address>0x1926</run_address>
         <size>0x5e</size>
         <input_file_ref idref="fl-19"/>
      </object_component>
      <object_component id="oc-dc">
         <name>.debug_line</name>
         <load_address>0x1984</load_address>
         <run_address>0x1984</run_address>
         <size>0x55</size>
         <input_file_ref idref="fl-1a"/>
      </object_component>
      <object_component id="oc-e1">
         <name>.debug_line</name>
         <load_address>0x19d9</load_address>
         <run_address>0x19d9</run_address>
         <size>0x80</size>
         <input_file_ref idref="fl-1b"/>
      </object_component>
      <object_component id="oc-e5">
         <name>.debug_line</name>
         <load_address>0x1a59</load_address>
         <run_address>0x1a59</run_address>
         <size>0x88</size>
         <input_file_ref idref="fl-1c"/>
      </object_component>
      <object_component id="oc-e9">
         <name>.debug_line</name>
         <load_address>0x1ae1</load_address>
         <run_address>0x1ae1</run_address>
         <size>0x7a</size>
         <input_file_ref idref="fl-1d"/>
      </object_component>
      <object_component id="oc-ed">
         <name>.debug_line</name>
         <load_address>0x1b5b</load_address>
         <run_address>0x1b5b</run_address>
         <size>0x88</size>
         <input_file_ref idref="fl-1e"/>
      </object_component>
      <object_component id="oc-f1">
         <name>.debug_line</name>
         <load_address>0x1be3</load_address>
         <run_address>0x1be3</run_address>
         <size>0x99</size>
         <input_file_ref idref="fl-1f"/>
      </object_component>
      <object_component id="oc-f7">
         <name>.debug_line</name>
         <load_address>0x1c7c</load_address>
         <run_address>0x1c7c</run_address>
         <size>0xe2</size>
         <input_file_ref idref="fl-21"/>
      </object_component>
      <object_component id="oc-103">
         <name>.debug_line</name>
         <load_address>0x1d5e</load_address>
         <run_address>0x1d5e</run_address>
         <size>0x2d6</size>
         <input_file_ref idref="fl-23"/>
      </object_component>
      <object_component id="oc-109">
         <name>.debug_line</name>
         <load_address>0x2034</load_address>
         <run_address>0x2034</run_address>
         <size>0x7e</size>
         <input_file_ref idref="fl-24"/>
      </object_component>
      <object_component id="oc-4d">
         <name>.debug_abbrev</name>
         <load_address>0x0</load_address>
         <run_address>0x0</run_address>
         <size>0x2f</size>
         <input_file_ref idref="fl-5"/>
      </object_component>
      <object_component id="oc-52">
         <name>.debug_abbrev</name>
         <load_address>0x2f</load_address>
         <run_address>0x2f</run_address>
         <size>0x2f</size>
         <input_file_ref idref="fl-6"/>
      </object_component>
      <object_component id="oc-58">
         <name>.debug_abbrev</name>
         <load_address>0x5e</load_address>
         <run_address>0x5e</run_address>
         <size>0x21</size>
         <input_file_ref idref="fl-7"/>
      </object_component>
      <object_component id="oc-8d">
         <name>.debug_abbrev</name>
         <load_address>0x7f</load_address>
         <run_address>0x7f</run_address>
         <size>0xb7</size>
         <input_file_ref idref="fl-8"/>
      </object_component>
      <object_component id="oc-91">
         <name>.debug_abbrev</name>
         <load_address>0x136</load_address>
         <run_address>0x136</run_address>
         <size>0x2f</size>
         <input_file_ref idref="fl-9"/>
      </object_component>
      <object_component id="oc-99">
         <name>.debug_abbrev</name>
         <load_address>0x165</load_address>
         <run_address>0x165</run_address>
         <size>0x1cc</size>
         <input_file_ref idref="fl-a"/>
      </object_component>
      <object_component id="oc-9f">
         <name>.debug_abbrev</name>
         <load_address>0x331</load_address>
         <run_address>0x331</run_address>
         <size>0x177</size>
         <input_file_ref idref="fl-b"/>
      </object_component>
      <object_component id="oc-a6">
         <name>.debug_abbrev</name>
         <load_address>0x4a8</load_address>
         <run_address>0x4a8</run_address>
         <size>0xf3</size>
         <input_file_ref idref="fl-c"/>
      </object_component>
      <object_component id="oc-ab">
         <name>.debug_abbrev</name>
         <load_address>0x59b</load_address>
         <run_address>0x59b</run_address>
         <size>0x161</size>
         <input_file_ref idref="fl-d"/>
      </object_component>
      <object_component id="oc-b2">
         <name>.debug_abbrev</name>
         <load_address>0x6fc</load_address>
         <run_address>0x6fc</run_address>
         <size>0x104</size>
         <input_file_ref idref="fl-e"/>
      </object_component>
      <object_component id="oc-b8">
         <name>.debug_abbrev</name>
         <load_address>0x800</load_address>
         <run_address>0x800</run_address>
         <size>0x46</size>
         <input_file_ref idref="fl-11"/>
      </object_component>
      <object_component id="oc-bd">
         <name>.debug_abbrev</name>
         <load_address>0x846</load_address>
         <run_address>0x846</run_address>
         <size>0xfc</size>
         <input_file_ref idref="fl-14"/>
      </object_component>
      <object_component id="oc-c4">
         <name>.debug_abbrev</name>
         <load_address>0x942</load_address>
         <run_address>0x942</run_address>
         <size>0x142</size>
         <input_file_ref idref="fl-15"/>
      </object_component>
      <object_component id="oc-c9">
         <name>.debug_abbrev</name>
         <load_address>0xa84</load_address>
         <run_address>0xa84</run_address>
         <size>0xa8</size>
         <input_file_ref idref="fl-16"/>
      </object_component>
      <object_component id="oc-ce">
         <name>.debug_abbrev</name>
         <load_address>0xb2c</load_address>
         <run_address>0xb2c</run_address>
         <size>0x68</size>
         <input_file_ref idref="fl-17"/>
      </object_component>
      <object_component id="oc-d3">
         <name>.debug_abbrev</name>
         <load_address>0xb94</load_address>
         <run_address>0xb94</run_address>
         <size>0x66</size>
         <input_file_ref idref="fl-18"/>
      </object_component>
      <object_component id="oc-d8">
         <name>.debug_abbrev</name>
         <load_address>0xbfa</load_address>
         <run_address>0xbfa</run_address>
         <size>0xb2</size>
         <input_file_ref idref="fl-19"/>
      </object_component>
      <object_component id="oc-dd">
         <name>.debug_abbrev</name>
         <load_address>0xcac</load_address>
         <run_address>0xcac</run_address>
         <size>0xfe</size>
         <input_file_ref idref="fl-1a"/>
      </object_component>
      <object_component id="oc-e2">
         <name>.debug_abbrev</name>
         <load_address>0xdaa</load_address>
         <run_address>0xdaa</run_address>
         <size>0x2c</size>
         <input_file_ref idref="fl-1b"/>
      </object_component>
      <object_component id="oc-e6">
         <name>.debug_abbrev</name>
         <load_address>0xdd6</load_address>
         <run_address>0xdd6</run_address>
         <size>0x2c</size>
         <input_file_ref idref="fl-1c"/>
      </object_component>
      <object_component id="oc-ea">
         <name>.debug_abbrev</name>
         <load_address>0xe02</load_address>
         <run_address>0xe02</run_address>
         <size>0x2c</size>
         <input_file_ref idref="fl-1d"/>
      </object_component>
      <object_component id="oc-ee">
         <name>.debug_abbrev</name>
         <load_address>0xe2e</load_address>
         <run_address>0xe2e</run_address>
         <size>0x2c</size>
         <input_file_ref idref="fl-1e"/>
      </object_component>
      <object_component id="oc-f2">
         <name>.debug_abbrev</name>
         <load_address>0xe5a</load_address>
         <run_address>0xe5a</run_address>
         <size>0x2c</size>
         <input_file_ref idref="fl-1f"/>
      </object_component>
      <object_component id="oc-f8">
         <name>.debug_abbrev</name>
         <load_address>0xe86</load_address>
         <run_address>0xe86</run_address>
         <size>0xea</size>
         <input_file_ref idref="fl-21"/>
      </object_component>
      <object_component id="oc-fd">
         <name>.debug_abbrev</name>
         <load_address>0xf70</load_address>
         <run_address>0xf70</run_address>
         <size>0x31</size>
         <input_file_ref idref="fl-22"/>
      </object_component>
      <object_component id="oc-104">
         <name>.debug_abbrev</name>
         <load_address>0xfa1</load_address>
         <run_address>0xfa1</run_address>
         <size>0x1b4</size>
         <input_file_ref idref="fl-23"/>
      </object_component>
      <object_component id="oc-10a">
         <name>.debug_abbrev</name>
         <load_address>0x1155</load_address>
         <run_address>0x1155</run_address>
         <size>0xb8</size>
         <input_file_ref idref="fl-24"/>
      </object_component>
      <object_component id="oc-176">
         <name>.debug_abbrev</name>
         <load_address>0x120d</load_address>
         <run_address>0x120d</run_address>
         <size>0xf</size>
      </object_component>
      <object_component id="oc-4e">
         <name>.debug_aranges</name>
         <load_address>0x0</load_address>
         <run_address>0x0</run_address>
         <size>0x20</size>
         <input_file_ref idref="fl-5"/>
      </object_component>
      <object_component id="oc-53">
         <name>.debug_aranges</name>
         <load_address>0x20</load_address>
         <run_address>0x20</run_address>
         <size>0x20</size>
         <input_file_ref idref="fl-6"/>
      </object_component>
      <object_component id="oc-59">
         <name>.debug_aranges</name>
         <load_address>0x40</load_address>
         <run_address>0x40</run_address>
         <size>0x28</size>
         <input_file_ref idref="fl-7"/>
      </object_component>
      <object_component id="oc-92">
         <name>.debug_aranges</name>
         <load_address>0x68</load_address>
         <run_address>0x68</run_address>
         <size>0x20</size>
         <input_file_ref idref="fl-9"/>
      </object_component>
      <object_component id="oc-9a">
         <name>.debug_aranges</name>
         <load_address>0x88</load_address>
         <run_address>0x88</run_address>
         <size>0x98</size>
         <input_file_ref idref="fl-a"/>
      </object_component>
      <object_component id="oc-a0">
         <name>.debug_aranges</name>
         <load_address>0x120</load_address>
         <run_address>0x120</run_address>
         <size>0x50</size>
         <input_file_ref idref="fl-b"/>
      </object_component>
      <object_component id="oc-a7">
         <name>.debug_aranges</name>
         <load_address>0x170</load_address>
         <run_address>0x170</run_address>
         <size>0x28</size>
         <input_file_ref idref="fl-c"/>
      </object_component>
      <object_component id="oc-ac">
         <name>.debug_aranges</name>
         <load_address>0x198</load_address>
         <run_address>0x198</run_address>
         <size>0x90</size>
         <input_file_ref idref="fl-d"/>
      </object_component>
      <object_component id="oc-b3">
         <name>.debug_aranges</name>
         <load_address>0x228</load_address>
         <run_address>0x228</run_address>
         <size>0x30</size>
         <input_file_ref idref="fl-e"/>
      </object_component>
      <object_component id="oc-b9">
         <name>.debug_aranges</name>
         <load_address>0x258</load_address>
         <run_address>0x258</run_address>
         <size>0x20</size>
         <input_file_ref idref="fl-11"/>
      </object_component>
      <object_component id="oc-be">
         <name>.debug_aranges</name>
         <load_address>0x278</load_address>
         <run_address>0x278</run_address>
         <size>0x20</size>
         <input_file_ref idref="fl-14"/>
      </object_component>
      <object_component id="oc-c5">
         <name>.debug_aranges</name>
         <load_address>0x298</load_address>
         <run_address>0x298</run_address>
         <size>0x28</size>
         <input_file_ref idref="fl-15"/>
      </object_component>
      <object_component id="oc-ca">
         <name>.debug_aranges</name>
         <load_address>0x2c0</load_address>
         <run_address>0x2c0</run_address>
         <size>0x20</size>
         <input_file_ref idref="fl-16"/>
      </object_component>
      <object_component id="oc-cf">
         <name>.debug_aranges</name>
         <load_address>0x2e0</load_address>
         <run_address>0x2e0</run_address>
         <size>0x20</size>
         <input_file_ref idref="fl-17"/>
      </object_component>
      <object_component id="oc-d4">
         <name>.debug_aranges</name>
         <load_address>0x300</load_address>
         <run_address>0x300</run_address>
         <size>0x20</size>
         <input_file_ref idref="fl-18"/>
      </object_component>
      <object_component id="oc-d9">
         <name>.debug_aranges</name>
         <load_address>0x320</load_address>
         <run_address>0x320</run_address>
         <size>0x30</size>
         <input_file_ref idref="fl-19"/>
      </object_component>
      <object_component id="oc-de">
         <name>.debug_aranges</name>
         <load_address>0x350</load_address>
         <run_address>0x350</run_address>
         <size>0x20</size>
         <input_file_ref idref="fl-1a"/>
      </object_component>
      <object_component id="oc-f9">
         <name>.debug_aranges</name>
         <load_address>0x370</load_address>
         <run_address>0x370</run_address>
         <size>0x20</size>
         <input_file_ref idref="fl-21"/>
      </object_component>
      <object_component id="oc-105">
         <name>.debug_aranges</name>
         <load_address>0x390</load_address>
         <run_address>0x390</run_address>
         <size>0x58</size>
         <input_file_ref idref="fl-23"/>
      </object_component>
      <object_component id="oc-10b">
         <name>.debug_aranges</name>
         <load_address>0x3e8</load_address>
         <run_address>0x3e8</run_address>
         <size>0x20</size>
         <input_file_ref idref="fl-24"/>
      </object_component>
      <object_component id="oc-97">
         <name>.debug_frame</name>
         <load_address>0x0</load_address>
         <run_address>0x0</run_address>
         <size>0x26a</size>
         <input_file_ref idref="fl-a"/>
      </object_component>
      <object_component id="oc-9d">
         <name>.debug_frame</name>
         <load_address>0x26a</load_address>
         <run_address>0x26a</run_address>
         <size>0xd2</size>
         <input_file_ref idref="fl-b"/>
      </object_component>
      <object_component id="oc-a4">
         <name>.debug_frame</name>
         <load_address>0x33c</load_address>
         <run_address>0x33c</run_address>
         <size>0x7d</size>
         <input_file_ref idref="fl-c"/>
      </object_component>
      <object_component id="oc-a9">
         <name>.debug_frame</name>
         <load_address>0x3b9</load_address>
         <run_address>0x3b9</run_address>
         <size>0x253</size>
         <input_file_ref idref="fl-d"/>
      </object_component>
      <object_component id="oc-b0">
         <name>.debug_frame</name>
         <load_address>0x60c</load_address>
         <run_address>0x60c</run_address>
         <size>0x6d</size>
         <input_file_ref idref="fl-e"/>
      </object_component>
      <object_component id="oc-bb">
         <name>.debug_frame</name>
         <load_address>0x679</load_address>
         <run_address>0x679</run_address>
         <size>0x64</size>
         <input_file_ref idref="fl-14"/>
      </object_component>
      <object_component id="oc-c2">
         <name>.debug_frame</name>
         <load_address>0x6dd</load_address>
         <run_address>0x6dd</run_address>
         <size>0x61</size>
         <input_file_ref idref="fl-15"/>
      </object_component>
      <object_component id="oc-c7">
         <name>.debug_frame</name>
         <load_address>0x73e</load_address>
         <run_address>0x73e</run_address>
         <size>0x43</size>
         <input_file_ref idref="fl-16"/>
      </object_component>
      <object_component id="oc-cc">
         <name>.debug_frame</name>
         <load_address>0x781</load_address>
         <run_address>0x781</run_address>
         <size>0x43</size>
         <input_file_ref idref="fl-17"/>
      </object_component>
      <object_component id="oc-d1">
         <name>.debug_frame</name>
         <load_address>0x7c4</load_address>
         <run_address>0x7c4</run_address>
         <size>0x43</size>
         <input_file_ref idref="fl-18"/>
      </object_component>
      <object_component id="oc-d6">
         <name>.debug_frame</name>
         <load_address>0x807</load_address>
         <run_address>0x807</run_address>
         <size>0x6d</size>
         <input_file_ref idref="fl-19"/>
      </object_component>
      <object_component id="oc-db">
         <name>.debug_frame</name>
         <load_address>0x874</load_address>
         <run_address>0x874</run_address>
         <size>0x43</size>
         <input_file_ref idref="fl-1a"/>
      </object_component>
      <object_component id="oc-f6">
         <name>.debug_frame</name>
         <load_address>0x8b7</load_address>
         <run_address>0x8b7</run_address>
         <size>0x53</size>
         <input_file_ref idref="fl-21"/>
      </object_component>
      <object_component id="oc-102">
         <name>.debug_frame</name>
         <load_address>0x90a</load_address>
         <run_address>0x90a</run_address>
         <size>0x130</size>
         <input_file_ref idref="fl-23"/>
      </object_component>
      <object_component id="oc-108">
         <name>.debug_frame</name>
         <load_address>0xa3a</load_address>
         <run_address>0xa3a</run_address>
         <size>0x4a</size>
         <input_file_ref idref="fl-24"/>
      </object_component>
   </object_component_list>
   <logical_group_list>
      <logical_group id="lg-2" display="no" color="cyan">
         <name>PieVectTableFile</name>
         <run_address>0xd00</run_address>
         <size>0x100</size>
         <contents>
            <object_component_ref idref="oc-8c"/>
         </contents>
      </logical_group>
      <logical_group id="lg-3" display="no" color="cyan">
         <name>DevEmuRegsFile</name>
         <run_address>0x880</run_address>
         <size>0xd0</size>
         <contents>
            <object_component_ref idref="oc-88"/>
         </contents>
      </logical_group>
      <logical_group id="lg-4" display="no" color="cyan">
         <name>FlashRegsFile</name>
         <run_address>0xa80</run_address>
         <size>0x8</size>
         <contents>
            <object_component_ref idref="oc-5e"/>
         </contents>
      </logical_group>
      <logical_group id="lg-5" display="no" color="cyan">
         <name>CsmRegsFile</name>
         <run_address>0xae0</run_address>
         <size>0x10</size>
         <contents>
            <object_component_ref idref="oc-66"/>
         </contents>
      </logical_group>
      <logical_group id="lg-6" display="no" color="cyan">
         <name>AdcMirrorFile</name>
         <run_address>0xb00</run_address>
         <size>0x10</size>
         <contents>
            <object_component_ref idref="oc-67"/>
         </contents>
      </logical_group>
      <logical_group id="lg-7" display="no" color="cyan">
         <name>XintfRegsFile</name>
         <run_address>0xb20</run_address>
         <size>0x1e</size>
         <contents>
            <object_component_ref idref="oc-6b"/>
         </contents>
      </logical_group>
      <logical_group id="lg-8" display="no" color="cyan">
         <name>CpuTimer0RegsFile</name>
         <run_address>0xc00</run_address>
         <size>0x8</size>
         <contents>
            <object_component_ref idref="oc-5f"/>
         </contents>
      </logical_group>
      <logical_group id="lg-9" display="no" color="cyan">
         <name>CpuTimer1RegsFile</name>
         <run_address>0xc08</run_address>
         <size>0x8</size>
         <contents>
            <object_component_ref idref="oc-60"/>
         </contents>
      </logical_group>
      <logical_group id="lg-a" display="no" color="cyan">
         <name>CpuTimer2RegsFile</name>
         <run_address>0xc10</run_address>
         <size>0x8</size>
         <contents>
            <object_component_ref idref="oc-5c"/>
         </contents>
      </logical_group>
      <logical_group id="lg-b" display="no" color="cyan">
         <name>PieCtrlRegsFile</name>
         <run_address>0xce0</run_address>
         <size>0x1a</size>
         <contents>
            <object_component_ref idref="oc-69"/>
         </contents>
      </logical_group>
      <logical_group id="lg-c" display="no" color="cyan">
         <name>DmaRegsFile</name>
         <run_address>0x1000</run_address>
         <size>0xe0</size>
         <contents>
            <object_component_ref idref="oc-89"/>
         </contents>
      </logical_group>
      <logical_group id="lg-d" display="no" color="cyan">
         <name>McbspaRegsFile</name>
         <run_address>0x5000</run_address>
         <size>0x25</size>
         <contents>
            <object_component_ref idref="oc-7c"/>
         </contents>
      </logical_group>
      <logical_group id="lg-e" display="no" color="cyan">
         <name>McbspbRegsFile</name>
         <run_address>0x5040</run_address>
         <size>0x25</size>
         <contents>
            <object_component_ref idref="oc-7b"/>
         </contents>
      </logical_group>
      <logical_group id="lg-f" display="no" color="cyan">
         <name>ECanaRegsFile</name>
         <run_address>0x6000</run_address>
         <size>0x34</size>
         <contents>
            <object_component_ref idref="oc-7e"/>
         </contents>
      </logical_group>
      <logical_group id="lg-10" display="no" color="cyan">
         <name>ECanaLAMRegsFile</name>
         <run_address>0x6040</run_address>
         <size>0x40</size>
         <contents>
            <object_component_ref idref="oc-82"/>
         </contents>
      </logical_group>
      <logical_group id="lg-11" display="no" color="cyan">
         <name>ECanaMboxesFile</name>
         <run_address>0x6100</run_address>
         <size>0x100</size>
         <contents>
            <object_component_ref idref="oc-8b"/>
         </contents>
      </logical_group>
      <logical_group id="lg-12" display="no" color="cyan">
         <name>ECanaMOTSRegsFile</name>
         <run_address>0x6080</run_address>
         <size>0x40</size>
         <contents>
            <object_component_ref idref="oc-83"/>
         </contents>
      </logical_group>
      <logical_group id="lg-13" display="no" color="cyan">
         <name>ECanaMOTORegsFile</name>
         <run_address>0x60c0</run_address>
         <size>0x40</size>
         <contents>
            <object_component_ref idref="oc-80"/>
         </contents>
      </logical_group>
      <logical_group id="lg-14" display="no" color="cyan">
         <name>ECanbRegsFile</name>
         <run_address>0x6200</run_address>
         <size>0x34</size>
         <contents>
            <object_component_ref idref="oc-7f"/>
         </contents>
      </logical_group>
      <logical_group id="lg-15" display="no" color="cyan">
         <name>ECanbLAMRegsFile</name>
         <run_address>0x6240</run_address>
         <size>0x40</size>
         <contents>
            <object_component_ref idref="oc-87"/>
         </contents>
      </logical_group>
      <logical_group id="lg-16" display="no" color="cyan">
         <name>ECanbMboxesFile</name>
         <run_address>0x6300</run_address>
         <size>0x100</size>
         <contents>
            <object_component_ref idref="oc-8a"/>
         </contents>
      </logical_group>
      <logical_group id="lg-17" display="no" color="cyan">
         <name>ECanbMOTSRegsFile</name>
         <run_address>0x6280</run_address>
         <size>0x40</size>
         <contents>
            <object_component_ref idref="oc-81"/>
         </contents>
      </logical_group>
      <logical_group id="lg-18" display="no" color="cyan">
         <name>ECanbMOTORegsFile</name>
         <run_address>0x62c0</run_address>
         <size>0x40</size>
         <contents>
            <object_component_ref idref="oc-84"/>
         </contents>
      </logical_group>
      <logical_group id="lg-19" display="no" color="cyan">
         <name>EPwm1RegsFile</name>
         <run_address>0x6800</run_address>
         <size>0x22</size>
         <contents>
            <object_component_ref idref="oc-79"/>
         </contents>
      </logical_group>
      <logical_group id="lg-1a" display="no" color="cyan">
         <name>EPwm2RegsFile</name>
         <run_address>0x6840</run_address>
         <size>0x22</size>
         <contents>
            <object_component_ref idref="oc-74"/>
         </contents>
      </logical_group>
      <logical_group id="lg-1b" display="no" color="cyan">
         <name>EPwm3RegsFile</name>
         <run_address>0x6880</run_address>
         <size>0x22</size>
         <contents>
            <object_component_ref idref="oc-75"/>
         </contents>
      </logical_group>
      <logical_group id="lg-1c" display="no" color="cyan">
         <name>EPwm4RegsFile</name>
         <run_address>0x68c0</run_address>
         <size>0x22</size>
         <contents>
            <object_component_ref idref="oc-7a"/>
         </contents>
      </logical_group>
      <logical_group id="lg-1d" display="no" color="cyan">
         <name>EPwm5RegsFile</name>
         <run_address>0x6900</run_address>
         <size>0x22</size>
         <contents>
            <object_component_ref idref="oc-77"/>
         </contents>
      </logical_group>
      <logical_group id="lg-1e" display="no" color="cyan">
         <name>EPwm6RegsFile</name>
         <run_address>0x6940</run_address>
         <size>0x22</size>
         <contents>
            <object_component_ref idref="oc-78"/>
         </contents>
      </logical_group>
      <logical_group id="lg-1f" display="no" color="cyan">
         <name>ECap1RegsFile</name>
         <run_address>0x6a00</run_address>
         <size>0x20</size>
         <contents>
            <object_component_ref idref="oc-6e"/>
         </contents>
      </logical_group>
      <logical_group id="lg-20" display="no" color="cyan">
         <name>ECap2RegsFile</name>
         <run_address>0x6a20</run_address>
         <size>0x20</size>
         <contents>
            <object_component_ref idref="oc-6f"/>
         </contents>
      </logical_group>
      <logical_group id="lg-21" display="no" color="cyan">
         <name>ECap3RegsFile</name>
         <run_address>0x6a40</run_address>
         <size>0x20</size>
         <contents>
            <object_component_ref idref="oc-6c"/>
         </contents>
      </logical_group>
      <logical_group id="lg-22" display="no" color="cyan">
         <name>ECap4RegsFile</name>
         <run_address>0x6a60</run_address>
         <size>0x20</size>
         <contents>
            <object_component_ref idref="oc-6d"/>
         </contents>
      </logical_group>
      <logical_group id="lg-23" display="no" color="cyan">
         <name>ECap5RegsFile</name>
         <run_address>0x6a80</run_address>
         <size>0x20</size>
         <contents>
            <object_component_ref idref="oc-72"/>
         </contents>
      </logical_group>
      <logical_group id="lg-24" display="no" color="cyan">
         <name>ECap6RegsFile</name>
         <run_address>0x6aa0</run_address>
         <size>0x20</size>
         <contents>
            <object_component_ref idref="oc-73"/>
         </contents>
      </logical_group>
      <logical_group id="lg-25" display="no" color="cyan">
         <name>EQep1RegsFile</name>
         <run_address>0x6b00</run_address>
         <size>0x40</size>
         <contents>
            <object_component_ref idref="oc-85"/>
         </contents>
      </logical_group>
      <logical_group id="lg-26" display="no" color="cyan">
         <name>EQep2RegsFile</name>
         <run_address>0x6b40</run_address>
         <size>0x40</size>
         <contents>
            <object_component_ref idref="oc-86"/>
         </contents>
      </logical_group>
      <logical_group id="lg-27" display="no" color="cyan">
         <name>GpioCtrlRegsFile</name>
         <run_address>0x6f80</run_address>
         <size>0x2e</size>
         <contents>
            <object_component_ref idref="oc-7d"/>
         </contents>
      </logical_group>
      <logical_group id="lg-28" display="no" color="cyan">
         <name>GpioDataRegsFile</name>
         <run_address>0x6fc0</run_address>
         <size>0x20</size>
         <contents>
            <object_component_ref idref="oc-70"/>
         </contents>
      </logical_group>
      <logical_group id="lg-29" display="no" color="cyan">
         <name>GpioIntRegsFile</name>
         <run_address>0x6fe0</run_address>
         <size>0xa</size>
         <contents>
            <object_component_ref idref="oc-61"/>
         </contents>
      </logical_group>
      <logical_group id="lg-2a" display="no" color="cyan">
         <name>SysCtrlRegsFile</name>
         <run_address>0x7010</run_address>
         <size>0x20</size>
         <contents>
            <object_component_ref idref="oc-71"/>
         </contents>
      </logical_group>
      <logical_group id="lg-2b" display="no" color="cyan">
         <name>SpiaRegsFile</name>
         <run_address>0x7040</run_address>
         <size>0x10</size>
         <contents>
            <object_component_ref idref="oc-62"/>
         </contents>
      </logical_group>
      <logical_group id="lg-2c" display="no" color="cyan">
         <name>SciaRegsFile</name>
         <run_address>0x7050</run_address>
         <size>0x10</size>
         <contents>
            <object_component_ref idref="oc-65"/>
         </contents>
      </logical_group>
      <logical_group id="lg-2d" display="no" color="cyan">
         <name>XIntruptRegsFile</name>
         <run_address>0x7070</run_address>
         <size>0x10</size>
         <contents>
            <object_component_ref idref="oc-68"/>
         </contents>
      </logical_group>
      <logical_group id="lg-2e" display="no" color="cyan">
         <name>AdcRegsFile</name>
         <run_address>0x7100</run_address>
         <size>0x1e</size>
         <contents>
            <object_component_ref idref="oc-6a"/>
         </contents>
      </logical_group>
      <logical_group id="lg-2f" display="no" color="cyan">
         <name>ScibRegsFile</name>
         <run_address>0x7750</run_address>
         <size>0x10</size>
         <contents>
            <object_component_ref idref="oc-63"/>
         </contents>
      </logical_group>
      <logical_group id="lg-30" display="no" color="cyan">
         <name>ScicRegsFile</name>
         <run_address>0x7770</run_address>
         <size>0x10</size>
         <contents>
            <object_component_ref idref="oc-64"/>
         </contents>
      </logical_group>
      <logical_group id="lg-31" display="no" color="cyan">
         <name>I2caRegsFile</name>
         <run_address>0x7900</run_address>
         <size>0x22</size>
         <contents>
            <object_component_ref idref="oc-76"/>
         </contents>
      </logical_group>
      <logical_group id="lg-32" display="no" color="cyan">
         <name>CsmPwlFile</name>
         <run_address>0x33fff8</run_address>
         <size>0x8</size>
         <contents>
            <object_component_ref idref="oc-5d"/>
         </contents>
      </logical_group>
      <logical_group id="lg-33" display="no" color="cyan">
         <name>PartIdRegsFile</name>
         <run_address>0x380090</run_address>
         <size>0x1</size>
         <contents>
            <object_component_ref idref="oc-5b"/>
         </contents>
      </logical_group>
      <logical_group id="lg-34" display="no" color="cyan">
         <name>codestart</name>
         <load_address>0x0</load_address>
         <run_address>0x0</run_address>
         <size>0x2</size>
         <contents>
            <object_component_ref idref="oc-55"/>
         </contents>
      </logical_group>
      <logical_group id="lg-35" display="no" color="cyan">
         <name>ramfuncs</name>
         <load_address>0x83c7</load_address>
         <run_address>0x83c7</run_address>
         <size>0x4</size>
         <contents>
            <object_component_ref idref="oc-8e"/>
         </contents>
      </logical_group>
      <logical_group id="lg-36" display="no" color="cyan">
         <name>.text</name>
         <load_address>0x9600</load_address>
         <run_address>0x9600</run_address>
         <size>0x2342</size>
         <contents>
            <object_component_ref idref="oc-112"/>
            <object_component_ref idref="oc-96"/>
            <object_component_ref idref="oc-115"/>
            <object_component_ref idref="oc-10e"/>
            <object_component_ref idref="oc-118"/>
            <object_component_ref idref="oc-11d"/>
            <object_component_ref idref="oc-119"/>
            <object_component_ref idref="oc-11a"/>
            <object_component_ref idref="oc-111"/>
            <object_component_ref idref="oc-48"/>
            <object_component_ref idref="oc-ef"/>
            <object_component_ref idref="oc-49"/>
            <object_component_ref idref="oc-eb"/>
            <object_component_ref idref="oc-e3"/>
            <object_component_ref idref="oc-113"/>
            <object_component_ref idref="oc-110"/>
            <object_component_ref idref="oc-10d"/>
            <object_component_ref idref="oc-df"/>
            <object_component_ref idref="oc-114"/>
            <object_component_ref idref="oc-10f"/>
            <object_component_ref idref="oc-e7"/>
            <object_component_ref idref="oc-9c"/>
            <object_component_ref idref="oc-11b"/>
            <object_component_ref idref="oc-54"/>
            <object_component_ref idref="oc-10c"/>
         </contents>
      </logical_group>
      <logical_group id="lg-37" display="no" color="cyan">
         <name>.cinit</name>
         <load_address>0x8000</load_address>
         <run_address>0x8000</run_address>
         <size>0x3c7</size>
         <contents>
            <object_component_ref idref="oc-94"/>
            <object_component_ref idref="oc-a2"/>
            <object_component_ref idref="oc-c0"/>
            <object_component_ref idref="oc-117"/>
            <object_component_ref idref="oc-11c"/>
            <object_component_ref idref="oc-ae"/>
            <object_component_ref idref="oc-fb"/>
            <object_component_ref idref="oc-ff"/>
         </contents>
      </logical_group>
      <logical_group id="lg-38" display="no" color="cyan">
         <name>.pinit</name>
         <run_address>0x0</run_address>
         <size>0x0</size>
         <contents>
         </contents>
      </logical_group>
      <logical_group id="lg-39" display="no" color="cyan">
         <name>.switch</name>
         <run_address>0x0</run_address>
         <size>0x0</size>
         <contents>
         </contents>
      </logical_group>
      <logical_group id="lg-3a" display="no" color="cyan">
         <name>.stack</name>
         <run_address>0x400</run_address>
         <size>0x380</size>
         <contents>
            <object_component_ref idref="oc-b4"/>
            <object_component_ref idref="oc-173"/>
         </contents>
[...]
         <name>_CAA</name>
         <value>0xc380</value>
         <object_component_ref idref="oc-a3"/>
      </symbol>
      <symbol id="sm-28e">
         <name>_qlim</name>
         <value>0xc2d6</value>
         <object_component_ref idref="oc-a3"/>
      </symbol>
      <symbol id="sm-28f">
         <name>_Lq</name>
         <value>0xc2f2</value>
         <object_component_ref idref="oc-a3"/>
      </symbol>
      <symbol id="sm-290">
         <name>_Ld</name>
         <value>0xc2ec</value>
         <object_component_ref idref="oc-a3"/>
      </symbol>
      <symbol id="sm-291">
         <name>_Iq_w</name>
         <value>0xc2e6</value>
         <object_component_ref idref="oc-a3"/>
      </symbol>
      <symbol id="sm-292">
         <name>_cnt</name>
         <value>0xc2cb</value>
         <object_component_ref idref="oc-a3"/>
      </symbol>
      <symbol id="sm-293">
         <name>_iqmin</name>
         <value>0xc2e8</value>
         <object_component_ref idref="oc-a3"/>
      </symbol>
      <symbol id="sm-294">
         <name>_Id2_w</name>
         <value>0xc2e0</value>
         <object_component_ref idref="oc-a3"/>
      </symbol>
      <symbol id="sm-295">
         <name>_R_w</name>
         <value>0xc2dc</value>
         <object_component_ref idref="oc-a3"/>
      </symbol>
      <symbol id="sm-296">
         <name>_ny</name>
         <value>0xc2c8</value>
         <object_component_ref idref="oc-a3"/>
      </symbol>
      <symbol id="sm-297">
         <name>_nx</name>
         <value>0xc2c6</value>
         <object_component_ref idref="oc-a3"/>
      </symbol>
      <symbol id="sm-298">
         <name>_nu</name>
         <value>0xc2c5</value>
         <object_component_ref idref="oc-a3"/>
      </symbol>
      <symbol id="sm-299">
         <name>_eye</name>
         <value>0xc332</value>
         <object_component_ref idref="oc-a3"/>
      </symbol>
      <symbol id="sm-29a">
         <name>_Cr</name>
         <value>0xc2cc</value>
         <object_component_ref idref="oc-a3"/>
      </symbol>
      <symbol id="sm-29b">
         <name>_Cc</name>
         <value>0xc2ca</value>
         <object_component_ref idref="oc-a3"/>
      </symbol>
      <symbol id="sm-29c">
         <name>_CA</name>
         <value>0xc37c</value>
         <object_component_ref idref="oc-a3"/>
      </symbol>
      <symbol id="sm-29d">
         <name>_Br</name>
         <value>0xc2c2</value>
         <object_component_ref idref="oc-a3"/>
      </symbol>
      <symbol id="sm-29e">
         <name>_Bc</name>
         <value>0xc2c3</value>
         <object_component_ref idref="oc-a3"/>
      </symbol>
      <symbol id="sm-29f">
         <name>_iqmax</name>
         <value>0xc2ea</value>
         <object_component_ref idref="oc-a3"/>
      </symbol>
      <symbol id="sm-2a0">
         <name>_Ar</name>
         <value>0xc2c0</value>
         <object_component_ref idref="oc-a3"/>
      </symbol>
      <symbol id="sm-2a1">
         <name>_alpha</name>
         <value>0xc304</value>
         <object_component_ref idref="oc-a3"/>
      </symbol>
      <symbol id="sm-2a2">
         <name>_Lqm</name>
         <value>0xc2f6</value>
         <object_component_ref idref="oc-a3"/>
      </symbol>
      <symbol id="sm-2a3">
         <name>_Ac</name>
         <value>0xc2c4</value>
         <object_component_ref idref="oc-a3"/>
      </symbol>
      <symbol id="sm-2a4">
         <name>_iq1</name>
         <value>0xc302</value>
         <object_component_ref idref="oc-a3"/>
      </symbol>
      <symbol id="sm-2a5">
         <name>_qlim2</name>
         <value>0xc2d8</value>
         <object_component_ref idref="oc-a3"/>
      </symbol>
      <symbol id="sm-2a6">
         <name>_dlim</name>
         <value>0xc2d2</value>
         <object_component_ref idref="oc-a3"/>
      </symbol>
      <symbol id="sm-2a7">
         <name>_beta</name>
         <value>0xc2f0</value>
         <object_component_ref idref="oc-a3"/>
      </symbol>
      <symbol id="sm-2a8">
         <name>_Q_w</name>
         <value>0xc2de</value>
         <object_component_ref idref="oc-a3"/>
      </symbol>
      <symbol id="sm-2a9">
         <name>_MPC_CCS_Init</name>
         <value>0xa132</value>
         <object_component_ref idref="oc-112"/>
      </symbol>
      <symbol id="sm-2aa">
         <name>_cc</name>
         <value>0xc32e</value>
         <object_component_ref idref="oc-a3"/>
      </symbol>
      <symbol id="sm-2ab">
         <name>_cb</name>
         <value>0xc30a</value>
         <object_component_ref idref="oc-a3"/>
      </symbol>
      <symbol id="sm-2ac">
         <name>_ca</name>
         <value>0xc316</value>
         <object_component_ref idref="oc-a3"/>
      </symbol>
      <symbol id="sm-2ad">
         <name>_bb</name>
         <value>0xc33a</value>
         <object_component_ref idref="oc-a3"/>
      </symbol>
      <symbol id="sm-2ae">
         <name>_delta_u</name>
         <value>0xc364</value>
         <object_component_ref idref="oc-a3"/>
      </symbol>
      <symbol id="sm-2af">
         <name>_temp1</name>
         <value>0xc388</value>
         <object_component_ref idref="oc-a3"/>
      </symbol>
      <symbol id="sm-2b0">
         <name>_temp2</name>
         <value>0xc370</value>
         <object_component_ref idref="oc-a3"/>
      </symbol>
      <symbol id="sm-2b1">
         <name>_temp3</name>
         <value>0xc358</value>
         <object_component_ref idref="oc-a3"/>
      </symbol>
      <symbol id="sm-2b2">
         <name>_temp4</name>
         <value>0xc35c</value>
         <object_component_ref idref="oc-a3"/>
      </symbol>
      <symbol id="sm-2b3">
         <name>_temp5</name>
         <value>0xc350</value>
         <object_component_ref idref="oc-a3"/>
      </symbol>
      <symbol id="sm-2b4">
         <name>_temp6</name>
         <value>0xc354</value>
         <object_component_ref idref="oc-a3"/>
      </symbol>
      <symbol id="sm-2b5">
         <name>_temp7</name>
         <value>0xc368</value>
         <object_component_ref idref="oc-a3"/>
      </symbol>
      <symbol id="sm-2b6">
         <name>_temp8</name>
         <value>0xc36c</value>
         <object_component_ref idref="oc-a3"/>
      </symbol>
      <symbol id="sm-2b7">
         <name>_Iq3_w</name>
         <value>0xc2ce</value>
         <object_component_ref idref="oc-a3"/>
      </symbol>
      <symbol id="sm-2b8">
         <name>_aa</name>
         <value>0xc336</value>
         <object_component_ref idref="oc-a3"/>
      </symbol>
      <symbol id="sm-2b9">
         <name>_vq_old</name>
         <value>0xc300</value>
         <object_component_ref idref="oc-a3"/>
      </symbol>
      <symbol id="sm-2ba">
         <name>_vd_w</name>
         <value>0xc2da</value>
         <object_component_ref idref="oc-a3"/>
      </symbol>
      <symbol id="sm-2bb">
         <name>_Rsm</name>
         <value>0xc2f4</value>
         <object_component_ref idref="oc-a3"/>
      </symbol>
      <symbol id="sm-2bc">
         <name>_iq_old</name>
         <value>0xc2fc</value>
         <object_component_ref idref="oc-a3"/>
      </symbol>
      <symbol id="sm-2bd">
         <name>_PMSM_MPC_CCS_Current</name>
         <value>0x9600</value>
         <object_component_ref idref="oc-112"/>
      </symbol>
      <symbol id="sm-2be">
         <name>_Id_w</name>
         <value>0xc2e2</value>
         <object_component_ref idref="oc-a3"/>
      </symbol>
      <symbol id="sm-2bf">
         <name>_Ldm</name>
         <value>0xc2f8</value>
         <object_component_ref idref="oc-a3"/>
      </symbol>
      <symbol id="sm-2c0">
         <name>_u</name>
         <value>0xc30e</value>
         <object_component_ref idref="oc-a3"/>
      </symbol>
      <symbol id="sm-2c1">
         <name>_f</name>
         <value>0xc384</value>
         <object_component_ref idref="oc-a3"/>
      </symbol>
      <symbol id="sm-2c2">
         <name>_c</name>
         <value>0xc340</value>
         <object_component_ref idref="oc-a3"/>
      </symbol>
      <symbol id="sm-2c3">
         <name>_b</name>
         <value>0xc34c</value>
         <object_component_ref idref="oc-a3"/>
      </symbol>
      <symbol id="sm-2c4">
         <name>_a</name>
         <value>0xc348</value>
         <object_component_ref idref="oc-a3"/>
      </symbol>
      <symbol id="sm-2c5">
         <name>_X</name>
         <value>0xc322</value>
         <object_component_ref idref="oc-a3"/>
      </symbol>
      <symbol id="sm-2c6">
         <name>_R</name>
         <value>0xc38c</value>
         <object_component_ref idref="oc-a3"/>
      </symbol>
      <symbol id="sm-2c7">
         <name>_Q</name>
         <value>0xc378</value>
         <object_component_ref idref="oc-a3"/>
      </symbol>
      <symbol id="sm-2c8">
         <name>_H</name>
         <value>0xc390</value>
         <object_component_ref idref="oc-a3"/>
      </symbol>
      <symbol id="sm-2c9">
         <name>_C</name>
         <value>0xc312</value>
         <object_component_ref idref="oc-a3"/>
      </symbol>
      <symbol id="sm-2ca">
         <name>_B</name>
         <value>0xc32a</value>
         <object_component_ref idref="oc-a3"/>
      </symbol>
      <symbol id="sm-2cb">
         <name>_A</name>
         <value>0xc344</value>
         <object_component_ref idref="oc-a3"/>
      </symbol>
      <symbol id="sm-2cc">
         <name>_id1</name>
         <value>0xc308</value>
         <object_component_ref idref="oc-a3"/>
      </symbol>
      <symbol id="sm-2cd">
         <name>_Yr</name>
         <value>0xc326</value>
         <object_component_ref idref="oc-a3"/>
      </symbol>
      <symbol id="sm-2ce">
         <name>_u_ol</name>
         <value>0xc360</value>
         <object_component_ref idref="oc-a3"/>
      </symbol>
      <symbol id="sm-31e">
         <name>_multiply_by_transpose_matrix</name>
         <value>0xb04d</value>
         <object_component_ref idref="oc-118"/>
      </symbol>
      <symbol id="sm-31f">
         <name>_shear_row</name>
         <value>0xaf5a</value>
         <object_component_ref idref="oc-118"/>
      </symbol>
      <symbol id="sm-320">
         <name>_destructive_invert_matrix</name>
         <value>0xb0a3</value>
         <object_component_ref idref="oc-118"/>
      </symbol>
      <symbol id="sm-321">
         <name>_copy_matrix</name>
         <value>0xb146</value>
         <object_component_ref idref="oc-118"/>
      </symbol>
      <symbol id="sm-322">
         <name>_set_matrix</name>
         <value>0xaf79</value>
         <object_component_ref idref="oc-118"/>
      </symbol>
      <symbol id="sm-323">
         <name>_subtract_from_identity_matrix</name>
         <value>0xaf32</value>
         <object_component_ref idref="oc-118"/>
      </symbol>
      <symbol id="sm-324">
         <name>_multiply_matrix</name>
         <value>0xaff8</value>
         <object_component_ref idref="oc-118"/>
      </symbol>
      <symbol id="sm-325">
         <name>_alloc_matrix</name>
         <value>0xb167</value>
         <object_component_ref idref="oc-118"/>
      </symbol>
      <symbol id="sm-326">
         <name>_swap_rows</name>
         <value>0xaef0</value>
         <object_component_ref idref="oc-118"/>
      </symbol>
      <symbol id="sm-327">
         <name>_scale_row</name>
         <value>0xafc2</value>
         <object_component_ref idref="oc-118"/>
      </symbol>
      <symbol id="sm-328">
         <name>_subtract_matrix</name>
         <value>0xaf00</value>
         <object_component_ref idref="oc-118"/>
      </symbol>
      <symbol id="sm-329">
         <name>_set_identity_matrix</name>
         <value>0xafa0</value>
         <object_component_ref idref="oc-118"/>
      </symbol>
      <symbol id="sm-32a">
         <name>_transpose_matrix</name>
         <value>0xaec6</value>
         <object_component_ref idref="oc-118"/>
      </symbol>
      <symbol id="sm-32b">
         <name>_add_matrix</name>
         <value>0xb1a6</value>
         <object_component_ref idref="oc-118"/>
      </symbol>
      <symbol id="sm-32c">
         <name>_scale_matrix</name>
         <value>0xafd8</value>
         <object_component_ref idref="oc-118"/>
      </symbol>
      <symbol id="sm-33e">
         <name>_scib_xmit_float</name>
         <value>0xb837</value>
         <object_component_ref idref="oc-113"/>
      </symbol>
      <symbol id="sm-33f">
         <name>_sdata</name>
         <value>0xc2b2</value>
         <object_component_ref idref="oc-af"/>
      </symbol>
      <symbol id="sm-340">
         <name>_scib_xmit</name>
         <value>0xb852</value>
         <object_component_ref idref="oc-113"/>
      </symbol>
      <symbol id="sm-341">
         <name>_temp</name>
         <value>0xc2b4</value>
         <object_component_ref idref="oc-af"/>
      </symbol>
      <symbol id="sm-342">
         <name>_scib_fifo_init</name>
         <value>0xb856</value>
         <object_component_ref idref="oc-113"/>
      </symbol>
      <symbol id="sm-343">
         <name>_n</name>
         <value>0xc2b3</value>
         <object_component_ref idref="oc-af"/>
      </symbol>
      <symbol id="sm-35e">
         <name>_c_int00</name>
         <value>0xb6df</value>
         <object_component_ref idref="oc-48"/>
      </symbol>
      <symbol id="sm-35f">
         <name>__stack</name>
         <value>0x400</value>
         <object_component_ref idref="oc-b4"/>
      </symbol>
      <symbol id="sm-36e">
         <name>_copy_in</name>
         <value>0xb890</value>
         <object_component_ref idref="oc-10d"/>
      </symbol>
      <symbol id="sm-382">
         <name>C$$EXIT</name>
         <value>0xb867</value>
         <object_component_ref idref="oc-110"/>
      </symbol>
      <symbol id="sm-383">
         <name>_exit</name>
         <value>0xb869</value>
         <object_component_ref idref="oc-110"/>
      </symbol>
      <symbol id="sm-384">
         <name>___TI_cleanup_ptr</name>
         <value>0xc2ae</value>
         <object_component_ref idref="oc-c1"/>
      </symbol>
      <symbol id="sm-385">
         <name>___TI_enable_exit_profile_output</name>
         <value>0xc2ac</value>
         <object_component_ref idref="oc-c1"/>
      </symbol>
      <symbol id="sm-386">
         <name>_abort</name>
         <value>0xb867</value>
         <object_component_ref idref="oc-110"/>
      </symbol>
      <symbol id="sm-387">
         <name>___TI_dtors_ptr</name>
         <value>0xc2b0</value>
         <object_component_ref idref="oc-c1"/>
      </symbol>
      <symbol id="sm-398">
         <name>_memcpy</name>
         <value>0xb8d5</value>
         <object_component_ref idref="oc-114"/>
      </symbol>
      <symbol id="sm-3a4">
         <name>__system_pre_init</name>
         <value>0xb940</value>
         <object_component_ref idref="oc-10c"/>
      </symbol>
      <symbol id="sm-3b0">
         <name>__system_post_cinit</name>
         <value>0xaec5</value>
         <object_component_ref idref="oc-10e"/>
      </symbol>
      <symbol id="sm-3c4">
         <name>__unlock</name>
         <value>0xc2b8</value>
         <object_component_ref idref="oc-121"/>
      </symbol>
      <symbol id="sm-3c5">
         <name>__lock</name>
         <value>0xc2b6</value>
         <object_component_ref idref="oc-116"/>
      </symbol>
      <symbol id="sm-3c6">
         <name>__register_lock</name>
         <value>0xb933</value>
         <object_component_ref idref="oc-11b"/>
      </symbol>
      <symbol id="sm-3c7">
         <name>__nop</name>
         <value>0xb937</value>
         <object_component_ref idref="oc-11b"/>
      </symbol>
      <symbol id="sm-3c8">
         <name>__register_unlock</name>
         <value>0xb92f</value>
         <object_component_ref idref="oc-11b"/>
      </symbol>
      <symbol id="sm-3d7">
         <name>__args_main</name>
         <value>0xb8f3</value>
         <object_component_ref idref="oc-10f"/>
      </symbol>
      <symbol id="sm-3df">
         <name>_sqrt</name>
         <value>0xb8b4</value>
         <object_component_ref idref="oc-df"/>
      </symbol>
      <symbol id="sm-3e7">
         <name>_sin</name>
         <value>0xb803</value>
         <object_component_ref idref="oc-e3"/>
      </symbol>
      <symbol id="sm-3ef">
         <name>FS$$DIV</name>
         <value>0xb90c</value>
         <object_component_ref idref="oc-e7"/>
      </symbol>
      <symbol id="sm-3f7">
         <name>_cos</name>
         <value>0xb7cf</value>
         <object_component_ref idref="oc-eb"/>
      </symbol>
      <symbol id="sm-3ff">
         <name>_atan2</name>
         <value>0xb735</value>
         <object_component_ref idref="oc-ef"/>
      </symbol>
      <symbol id="sm-407">
         <name>_FPUcosTableEnd</name>
         <value>0x3ff0de</value>
         <object_component_ref idref="oc-f3"/>
      </symbol>
      <symbol id="sm-408">
         <name>_FPUatan2TableEnd</name>
         <value>0x3ff268</value>
         <object_component_ref idref="oc-f3"/>
      </symbol>
      <symbol id="sm-409">
         <name>_FPUatan2Table</name>
         <value>0x3ff0e2</value>
         <object_component_ref idref="oc-f3"/>
      </symbol>
      <symbol id="sm-40a">
         <name>_FPUsinTable</name>
         <value>0x3febdc</value>
         <object_component_ref idref="oc-f3"/>
      </symbol>
      <symbol id="sm-40b">
         <name>_FPUcosTable</name>
         <value>0x3fecdc</value>
         <object_component_ref idref="oc-f3"/>
      </symbol>
      <symbol id="sm-40c">
         <name>_FPUatan2HalfPITable</name>
         <value>0x3ff0de</value>
         <object_component_ref idref="oc-f3"/>
      </symbol>
      <symbol id="sm-40d">
         <name>_FPUsinTableEnd</name>
         <value>0x3fefdc</value>
         <object_component_ref idref="oc-f3"/>
      </symbol>
      <symbol id="sm-43b">
         <name>_exp</name>
         <value>0xb578</value>
         <object_component_ref idref="oc-11a"/>
      </symbol>
      <symbol id="sm-43c">
         <name>_expf</name>
         <value>0xb578</value>
         <object_component_ref idref="oc-11a"/>
      </symbol>
      <symbol id="sm-446">
         <name>_errno</name>
         <value>0xc2ba</value>
         <object_component_ref idref="oc-fc"/>
      </symbol>
      <symbol id="sm-48d">
         <name>__sys_memory</name>
         <value>0xe000</value>
         <object_component_ref idref="oc-100"/>
      </symbol>
      <symbol id="sm-48e">
         <name>_chkheap</name>
         <value>0xb391</value>
         <object_component_ref idref="oc-11d"/>
      </symbol>
      <symbol id="sm-48f">
         <name>_realloc</name>
         <value>0xb29f</value>
         <object_component_ref idref="oc-11d"/>
      </symbol>
      <symbol id="sm-490">
         <name>_free_memory</name>
         <value>0xb373</value>
         <object_component_ref idref="oc-11d"/>
      </symbol>
      <symbol id="sm-491">
         <name>_max_free</name>
         <value>0xb351</value>
         <object_component_ref idref="oc-11d"/>
      </symbol>
      <symbol id="sm-492">
         <name>_free</name>
         <value>0xb1d8</value>
         <object_component_ref idref="oc-11d"/>
      </symbol>
      <symbol id="sm-493">
         <name>_calloc</name>
         <value>0xb393</value>
         <object_component_ref idref="oc-11d"/>
      </symbol>
      <symbol id="sm-494">
         <name>_malloc</name>
         <value>0xb241</value>
         <object_component_ref idref="oc-11d"/>
      </symbol>
      <symbol id="sm-495">
         <name>_minit</name>
         <value>0xb21c</value>
         <object_component_ref idref="oc-11d"/>
      </symbol>
      <symbol id="sm-4ab">
         <name>_floorf</name>
         <value>0xb688</value>
         <object_component_ref idref="oc-111"/>
      </symbol>
      <symbol id="sm-4ac">
         <name>_floor</name>
         <value>0xb688</value>
         <object_component_ref idref="oc-111"/>
      </symbol>
   </symbol_table>
   <title>Link successful</title>
</link_info>
